******************************************************************************
                  TI ARM Linker PC v15.12.3                    
******************************************************************************
>> Linked Fri Sep 06 20:26:30 2019

OUTPUT FILE NAME:   <class1.out>
ENTRY POINT SYMBOL: "_c_int00"  address: 000007f9


MEMORY CONFIGURATION

         name            origin    length      used     unused   attr    fill
----------------------  --------  ---------  --------  --------  ----  --------
  FLASH                 00000000   00040000  000009a8  0003f658  R  X
  SRAM                  20000000   00008000  00000220  00007de0  RW X


SEGMENT ALLOCATION MAP

run origin  load origin   length   init length attrs members
----------  ----------- ---------- ----------- ----- -------
00000000    00000000    000009ac   000009ac    r-x
  00000000    00000000    0000026c   0000026c    r-- .intvecs
  0000026c    0000026c    00000700   00000700    r-x .text
  00000970    00000970    0000003c   0000003c    r-- .cinit
20000000    20000000    00000220   00000000    rw-
  20000000    20000000    00000200   00000000    rw- .stack
  20000200    20000200    00000018   00000000    rw- .data
  20000218    20000218    00000008   00000000    rw- .bss


SECTION ALLOCATION MAP

 output                                  attributes/
section   page    origin      length       input sections
--------  ----  ----------  ----------   ----------------
.intvecs   0    00000000    0000026c     
                  00000000    0000026c     tm4c123gh6pm_startup_ccs.obj (.intvecs)

.text      0    0000026c    00000700     
                  0000026c    00000136     rtsv7M4_T_le_v4SPD16_eabi.lib : fd_div_t2.obj (.text)
                  000003a2    000000fc                                   : fd_mul_t2.obj (.text)
                  0000049e    00000002                                   : mpu_init.obj (.text)
                  000004a0    000000e0     main.obj (.text)
                  00000580    0000009c     rtsv7M4_T_le_v4SPD16_eabi.lib : memcpy_t2.obj (.text)
                  0000061c    00000086                                   : fd_cmp_t2.obj (.text:__aeabi_cdcmple)
                  000006a2    0000007a                                   : memset_t2.obj (.text)
                  0000071c    00000070                                   : autoinit.obj (.text)
                  0000078c    0000006a                                   : copy_decompress_rle.obj (.text)
                  000007f6    00000002                                   : startup.obj (.text)
                  000007f8    00000054                                   : boot.obj (.text)
                  0000084c    00000054                                   : exit.obj (.text)
                  000008a0    0000004c                                   : cpy_tbl.obj (.text)
                  000008ec    0000002e                                   : i_tofd_t2.obj (.text)
                  0000091a    00000002     --HOLE-- [fill = 0]
                  0000091c    00000018                                   : args_main.obj (.text)
                  00000934    00000014                                   : _lock.obj (.text)
                  00000948    0000000e                                   : copy_decompress_none.obj (.text:decompress:none)
                  00000956    0000000c     tm4c123gh6pm_startup_ccs.obj (.text)
                  00000962    00000006     rtsv7M4_T_le_v4SPD16_eabi.lib : copy_decompress_rle.obj (.text:decompress:rle24)
                  00000968    00000004                                   : pre_init.obj (.text)

.cinit     0    00000970    0000003c     
                  00000970    00000016     (.cinit..data.load) [load image, compression = rle]
                  00000986    00000002     --HOLE-- [fill = 0]
                  00000988    00000009     (.cinit..bss.load) [load image, compression = rle]
                  00000991    00000003     --HOLE-- [fill = 0]
                  00000994    00000008     (__TI_handler_table)
                  0000099c    00000010     (__TI_cinit_table)

.init_array 
*          0    00000000    00000000     UNINITIALIZED

.stack     0    20000000    00000200     UNINITIALIZED
                  20000000    00000200     --HOLE--

.data      0    20000200    00000018     UNINITIALIZED
                  20000200    0000000c     rtsv7M4_T_le_v4SPD16_eabi.lib : exit.obj (.data:$O1$$)
                  2000020c    00000008                                   : _lock.obj (.data:$O1$$)
                  20000214    00000004                                   : stkdepth_vars.obj (.data)

.bss       0    20000218    00000008     UNINITIALIZED
                  20000218    00000008     (.common:result)

MODULE SUMMARY

       Module                         code   ro data   rw data
       ------                         ----   -------   -------
    .\
       tm4c123gh6pm_startup_ccs.obj   12     620       0      
       main.obj                       224    0         8      
    +--+------------------------------+------+---------+---------+
       Total:                         236    620       8      
                                                              
    C:\ti\ccsv6\tools\compiler\arm_15.12.3.LTS\lib\rtsv7M4_T_le_v4SPD16_eabi.lib
       fd_div_t2.obj                  310    0         0      
       fd_mul_t2.obj                  252    0         0      
       memcpy_t2.obj                  156    0         0      
       fd_cmp_t2.obj                  134    0         0      
       memset_t2.obj                  122    0         0      
       autoinit.obj                   112    0         0      
       copy_decompress_rle.obj        112    0         0      
       exit.obj                       84     0         12     
       boot.obj                       84     0         0      
       cpy_tbl.obj                    76     0         0      
       i_tofd_t2.obj                  46     0         0      
       _lock.obj                      20     0         8      
       args_main.obj                  24     0         0      
       copy_decompress_none.obj       14     0         0      
       pre_init.obj                   4      0         0      
       stkdepth_vars.obj              0      0         4      
       mpu_init.obj                   2      0         0      
       startup.obj                    2      0         0      
    +--+------------------------------+------+---------+---------+
       Total:                         1554   0         24     
                                                              
       Stack:                         0      0         512    
       Linker Generated:              0      55        0      
    +--+------------------------------+------+---------+---------+
       Grand Total:                   1790   675       544    


LINKER GENERATED COPY TABLES

__TI_cinit_table @ 0000099c records: 2, size/record: 8, table size: 16
	.data: load addr=00000970, load size=00000016 bytes, run addr=20000200, run size=00000018 bytes, compression=rle
	.bss: load addr=00000988, load size=00000009 bytes, run addr=20000218, run size=00000008 bytes, compression=rle


LINKER GENERATED HANDLER TABLE

__TI_handler_table @ 00000994 records: 2, size/record: 4, table size: 8
	index: 0, handler: __TI_decompress_rle24
	index: 1, handler: __TI_decompress_none


GLOBAL SYMBOLS: SORTED ALPHABETICALLY BY Name 

address   name                           
-------   ----                           
0000084d  C$$EXIT                        
00000957  ResetISR                       
UNDEFED   SHT$$INIT_ARRAY$$Base          
UNDEFED   SHT$$INIT_ARRAY$$Limit         
20000200  __STACK_END                    
00000200  __STACK_SIZE                   
20000200  __STACK_TOP                    
0000099c  __TI_CINIT_Base                
000009ac  __TI_CINIT_Limit               
00000994  __TI_Handler_Table_Base        
0000099c  __TI_Handler_Table_Limit       
0000071d  __TI_auto_init                 
20000200  __TI_cleanup_ptr               
00000949  __TI_decompress_none           
00000963  __TI_decompress_rle24          
20000204  __TI_dtors_ptr                 
20000208  __TI_enable_exit_profile_output
ffffffff  __TI_pprof_out_hndl            
ffffffff  __TI_prof_data_size            
ffffffff  __TI_prof_data_start           
00000000  __TI_static_base__             
0000061d  __aeabi_cdcmpeq                
0000061d  __aeabi_cdcmple                
0000026d  __aeabi_ddiv                   
000003a3  __aeabi_dmul                   
000008ed  __aeabi_i2d                    
000006a3  __aeabi_memclr                 
000006a3  __aeabi_memclr4                
000006a3  __aeabi_memclr8                
00000581  __aeabi_memcpy                 
00000581  __aeabi_memcpy4                
00000581  __aeabi_memcpy8                
000006a5  __aeabi_memset                 
000006a5  __aeabi_memset4                
000006a5  __aeabi_memset8                
ffffffff  __binit__                      
ffffffff  __c_args__                     
0000049f  __mpu_init                     
20000000  __stack                        
0000091d  _args_main                     
000007f9  _c_int00                       
2000020c  _lock                          
00000943  _nop                           
0000093b  _register_lock                 
00000935  _register_unlock               
000007f7  _system_post_cinit             
00000969  _system_pre_init               
20000210  _unlock                        
00000851  abort                          
ffffffff  binit                          
000008a1  copy_in                        
00000859  exit                           
0000050f  factorial                      
00000000  g_pfnVectors                   
000004a1  main                           
20000214  main_func_sp                   
00000581  memcpy                         
000006ab  memset                         
20000218  result                         


GLOBAL SYMBOLS: SORTED BY Symbol Address 

address   name                           
-------   ----                           
00000000  __TI_static_base__             
00000000  g_pfnVectors                   
00000200  __STACK_SIZE                   
0000026d  __aeabi_ddiv                   
000003a3  __aeabi_dmul                   
0000049f  __mpu_init                     
000004a1  main                           
0000050f  factorial                      
00000581  __aeabi_memcpy                 
00000581  __aeabi_memcpy4                
00000581  __aeabi_memcpy8                
00000581  memcpy                         
0000061d  __aeabi_cdcmpeq                
0000061d  __aeabi_cdcmple                
000006a3  __aeabi_memclr                 
000006a3  __aeabi_memclr4                
000006a3  __aeabi_memclr8                
000006a5  __aeabi_memset                 
000006a5  __aeabi_memset4                
000006a5  __aeabi_memset8                
000006ab  memset                         
0000071d  __TI_auto_init                 
000007f7  _system_post_cinit             
000007f9  _c_int00                       
0000084d  C$$EXIT                        
00000851  abort                          
00000859  exit                           
000008a1  copy_in                        
000008ed  __aeabi_i2d                    
0000091d  _args_main                     
00000935  _register_unlock               
0000093b  _register_lock                 
00000943  _nop                           
00000949  __TI_decompress_none           
00000957  ResetISR                       
00000963  __TI_decompress_rle24          
00000969  _system_pre_init               
00000994  __TI_Handler_Table_Base        
0000099c  __TI_CINIT_Base                
0000099c  __TI_Handler_Table_Limit       
000009ac  __TI_CINIT_Limit               
20000000  __stack                        
20000200  __STACK_END                    
20000200  __STACK_TOP                    
20000200  __TI_cleanup_ptr               
20000204  __TI_dtors_ptr                 
20000208  __TI_enable_exit_profile_output
2000020c  _lock                          
20000210  _unlock                        
20000214  main_func_sp                   
20000218  result                         
ffffffff  __TI_pprof_out_hndl            
ffffffff  __TI_prof_data_size            
ffffffff  __TI_prof_data_start           
ffffffff  __binit__                      
ffffffff  __c_args__                     
ffffffff  binit                          
UNDEFED   SHT$$INIT_ARRAY$$Base          
UNDEFED   SHT$$INIT_ARRAY$$Limit         

[59 symbols]
