******************************************************************************
                  TI ARM Linker PC v15.12.3                    
******************************************************************************
>> Linked Wed Oct 16 22:07:56 2019

OUTPUT FILE NAME:   <PWMcontrolable.out>
ENTRY POINT SYMBOL: "_c_int00"  address: 00000b91


MEMORY CONFIGURATION

         name            origin    length      used     unused   attr    fill
----------------------  --------  ---------  --------  --------  ----  --------
  FLASH                 00000000   00040000  000011ba  0003ee46  R  X
  SRAM                  20000000   00008000  0000048c  00007b74  RW X


SEGMENT ALLOCATION MAP

run origin  load origin   length   init length attrs members
----------  ----------- ---------- ----------- ----- -------
00000000    00000000    000011bc   000011bc    r-x
  00000000    00000000    0000026c   0000026c    r-- .intvecs
  0000026c    0000026c    00000c72   00000c72    r-x .text
  00000ee0    00000ee0    00000298   00000298    r-- .const
  00001178    00001178    00000044   00000044    r-- .cinit
20000000    20000000    0000048c   00000000    rw-
  20000000    20000000    0000026c   00000000    rw- .vtable
  2000026c    2000026c    00000200   00000000    rw- .stack
  2000046c    2000046c    00000020   00000000    rw- .data


SECTION ALLOCATION MAP

 output                                  attributes/
section   page    origin      length       input sections
--------  ----  ----------  ----------   ----------------
.intvecs   0    00000000    0000026c     
                  00000000    0000026c     tm4c123gh6pm_startup_ccs.obj (.intvecs)

.text      0    0000026c    00000c72     
                  0000026c    000001c8     main.obj (.text)
                  00000434    000001b6     rtsv7M4_T_le_v4SPD16_eabi.lib : fd_add_t2.obj (.text)
                  000005ea    00000132     driverlib.lib : gpio.obj (.text:GPIOPadConfigSet)
                  0000071c    000000f4                   : sysctl.obj (.text:SysCtlClockSet)
                  00000810    0000009c     rtsv7M4_T_le_v4SPD16_eabi.lib : memcpy_t2.obj (.text)
                  000008ac    0000007a                                   : memset_t2.obj (.text)
                  00000926    00000002                                   : mpu_init.obj (.text)
                  00000928    00000070                                   : autoinit.obj (.text)
                  00000998    0000006e                                   : fd_tos_t2.obj (.text)
                  00000a06    0000006a                                   : copy_decompress_rle.obj (.text)
                  00000a70    00000068     driverlib.lib : interrupt.obj (.text:IntEnable)
                  00000ad8    00000060                   : timer.obj (.text:TimerConfigure)
                  00000b38    00000056                   : gpio.obj (.text:GPIOIntTypeSet)
                  00000b8e    00000002     rtsv7M4_T_le_v4SPD16_eabi.lib : startup.obj (.text)
                  00000b90    00000054                                   : boot.obj (.text)
                  00000be4    00000054                                   : exit.obj (.text)
                  00000c38    0000004c                                   : cpy_tbl.obj (.text)
                  00000c84    00000048     driverlib.lib : gpio.obj (.text:GPIOPinConfigure)
                  00000ccc    00000044                   : gpio.obj (.text:_GPIOIntNumberGet)
                  00000d10    00000038     rtsv7M4_T_le_v4SPD16_eabi.lib : fs_tod_t2.obj (.text)
                  00000d48    00000034     driverlib.lib : interrupt.obj (.text:IntRegister)
                  00000d7c    00000034                   : sysctl.obj (.text:SysCtlPeripheralEnable)
                  00000db0    0000002a                   : gpio.obj (.text:GPIODirModeSet)
                  00000dda    00000018                   : gpio.obj (.text:GPIOIntRegister)
                  00000df2    00000018                   : gpio.obj (.text:GPIOPinTypeGPIOOutput)
                  00000e0a    00000002     --HOLE-- [fill = 0]
                  00000e0c    00000018     rtsv7M4_T_le_v4SPD16_eabi.lib : args_main.obj (.text)
                  00000e24    00000014                                   : _lock.obj (.text)
                  00000e38    00000012     driverlib.lib : gpio.obj (.text:GPIOPinTypeGPIOInput)
                  00000e4a    00000012                   : gpio.obj (.text:GPIOPinTypeTimer)
                  00000e5c    00000012                   : timer.obj (.text:TimerLoadSet)
                  00000e6e    00000012                   : timer.obj (.text:TimerMatchSet)
                  00000e80    0000000e                   : gpio.obj (.text:GPIOIntStatus)
                  00000e8e    0000000e                   : timer.obj (.text:TimerEnable)
                  00000e9c    0000000e     rtsv7M4_T_le_v4SPD16_eabi.lib : copy_decompress_none.obj (.text:decompress:none)
                  00000eaa    0000000c     driverlib.lib : gpio.obj (.text:GPIOIntEnable)
                  00000eb6    0000000c     tm4c123gh6pm_startup_ccs.obj (.text)
                  00000ec2    00000006     driverlib.lib : gpio.obj (.text:GPIOIntClear)
                  00000ec8    00000006                   : gpio.obj (.text:GPIOPinWrite)
                  00000ece    00000006                   : sysctl.obj (.text:SysCtlDelay)
                  00000ed4    00000006     rtsv7M4_T_le_v4SPD16_eabi.lib : copy_decompress_rle.obj (.text:decompress:rle24)
                  00000eda    00000004                                   : pre_init.obj (.text)

.const     0    00000ee0    00000298     
                  00000ee0    000000d8     driverlib.lib : gpio.obj (.const:g_ppui32GPIOIntMapSnowflake)
                  00000fb8    000000c0                   : gpio.obj (.const:g_ppui32GPIOIntMapBlizzard)
                  00001078    00000090                   : gpio.obj (.const:g_pui32GPIOBaseAddrs)
                  00001108    00000070                   : interrupt.obj (.const)

.cinit     0    00001178    00000044     
                  00001178    0000001e     (.cinit..data.load) [load image, compression = rle]
                  00001196    00000002     --HOLE-- [fill = 0]
                  00001198    0000000b     (.cinit..vtable.load) [load image, compression = rle]
                  000011a3    00000001     --HOLE-- [fill = 0]
                  000011a4    00000008     (__TI_handler_table)
                  000011ac    00000010     (__TI_cinit_table)

.init_array 
*          0    00000000    00000000     UNINITIALIZED

.vtable    0    20000000    0000026c     UNINITIALIZED
                  20000000    0000026c     driverlib.lib : interrupt.obj (.vtable)

.stack     0    2000026c    00000200     UNINITIALIZED
                  2000026c    00000200     --HOLE--

.data      0    2000046c    00000020     UNINITIALIZED
                  2000046c    0000000c     rtsv7M4_T_le_v4SPD16_eabi.lib : exit.obj (.data:$O1$$)
                  20000478    00000008                                   : _lock.obj (.data:$O1$$)
                  20000480    00000008     main.obj (.data)
                  20000488    00000004     rtsv7M4_T_le_v4SPD16_eabi.lib : stkdepth_vars.obj (.data)

MODULE SUMMARY

       Module                         code   ro data   rw data
       ------                         ----   -------   -------
    .\
       tm4c123gh6pm_startup_ccs.obj   12     620       0      
       main.obj                       456    0         8      
    +--+------------------------------+------+---------+---------+
       Total:                         468    620       8      
                                                              
    C:\ti\ccsv6\tools\compiler\arm_15.12.3.LTS\lib\rtsv7M4_T_le_v4SPD16_eabi.lib
       fd_add_t2.obj                  438    0         0      
       memcpy_t2.obj                  156    0         0      
       memset_t2.obj                  122    0         0      
       autoinit.obj                   112    0         0      
       copy_decompress_rle.obj        112    0         0      
       fd_tos_t2.obj                  110    0         0      
       exit.obj                       84     0         12     
       boot.obj                       84     0         0      
       cpy_tbl.obj                    76     0         0      
       fs_tod_t2.obj                  56     0         0      
       _lock.obj                      20     0         8      
       args_main.obj                  24     0         0      
       copy_decompress_none.obj       14     0         0      
       pre_init.obj                   4      0         0      
       stkdepth_vars.obj              0      0         4      
       mpu_init.obj                   2      0         0      
       startup.obj                    2      0         0      
    +--+------------------------------+------+---------+---------+
       Total:                         1416   0         24     
                                                              
    E:/ti/TivaWare_C_Series-2.1.4.00178/driverlib/ccs/Debug/driverlib.lib
       gpio.obj                       696    552       0      
       interrupt.obj                  156    112       620    
       sysctl.obj                     302    0         0      
       timer.obj                      146    0         0      
    +--+------------------------------+------+---------+---------+
       Total:                         1300   664       620    
                                                              
       Stack:                         0      0         512    
       Linker Generated:              0      65        0      
    +--+------------------------------+------+---------+---------+
       Grand Total:                   3184   1349      1164   


LINKER GENERATED COPY TABLES

__TI_cinit_table @ 000011ac records: 2, size/record: 8, table size: 16
	.data: load addr=00001178, load size=0000001e bytes, run addr=2000046c, run size=00000020 bytes, compression=rle
	.vtable: load addr=00001198, load size=0000000b bytes, run addr=20000000, run size=0000026c bytes, compression=rle


LINKER GENERATED HANDLER TABLE

__TI_handler_table @ 000011a4 records: 2, size/record: 4, table size: 8
	index: 0, handler: __TI_decompress_rle24
	index: 1, handler: __TI_decompress_none


GLOBAL SYMBOLS: SORTED ALPHABETICALLY BY Name 

address   name                           
-------   ----                           
00000be5  C$$EXIT                        
20000484  D                              
20000480  FRE                            
00000db1  GPIODirModeSet                 
00000ec3  GPIOIntClear                   
00000eab  GPIOIntEnable                  
00000ddb  GPIOIntRegister                
00000e81  GPIOIntStatus                  
00000b39  GPIOIntTypeSet                 
000005eb  GPIOPadConfigSet               
00000c85  GPIOPinConfigure               
00000e39  GPIOPinTypeGPIOInput           
00000df3  GPIOPinTypeGPIOOutput          
00000e4b  GPIOPinTypeTimer               
00000ec9  GPIOPinWrite                   
00000a71  IntEnable                      
00000d49  IntRegister                    
0000032b  KeyIntHandler                  
00000eb7  ResetISR                       
UNDEFED   SHT$$INIT_ARRAY$$Base          
UNDEFED   SHT$$INIT_ARRAY$$Limit         
0000071d  SysCtlClockSet                 
00000ecf  SysCtlDelay                    
00000d7d  SysCtlPeripheralEnable         
00000ad9  TimerConfigure                 
00000e8f  TimerEnable                    
00000e5d  TimerLoadSet                   
00000e6f  TimerMatchSet                  
2000046c  __STACK_END                    
00000200  __STACK_SIZE                   
2000046c  __STACK_TOP                    
000011ac  __TI_CINIT_Base                
000011bc  __TI_CINIT_Limit               
000011a4  __TI_Handler_Table_Base        
000011ac  __TI_Handler_Table_Limit       
00000929  __TI_auto_init                 
2000046c  __TI_cleanup_ptr               
00000e9d  __TI_decompress_none           
00000ed5  __TI_decompress_rle24          
20000470  __TI_dtors_ptr                 
20000474  __TI_enable_exit_profile_output
ffffffff  __TI_pprof_out_hndl            
ffffffff  __TI_prof_data_size            
ffffffff  __TI_prof_data_start           
00000000  __TI_static_base__             
00000999  __aeabi_d2f                    
0000043f  __aeabi_dadd                   
00000435  __aeabi_dsub                   
00000d11  __aeabi_f2d                    
000008ad  __aeabi_memclr                 
000008ad  __aeabi_memclr4                
000008ad  __aeabi_memclr8                
00000811  __aeabi_memcpy                 
00000811  __aeabi_memcpy4                
00000811  __aeabi_memcpy8                
000008af  __aeabi_memset                 
000008af  __aeabi_memset4                
000008af  __aeabi_memset8                
ffffffff  __binit__                      
ffffffff  __c_args__                     
00000927  __mpu_init                     
2000026c  __stack                        
00000e0d  _args_main                     
00000b91  _c_int00                       
20000478  _lock                          
00000e33  _nop                           
00000e2b  _register_lock                 
00000e25  _register_unlock               
00000b8f  _system_post_cinit             
00000edb  _system_pre_init               
2000047c  _unlock                        
00000be9  abort                          
ffffffff  binit                          
00000c39  copy_in                        
00000bf1  exit                           
20000000  g_pfnRAMVectors                
00000000  g_pfnVectors                   
0000026d  main                           
20000488  main_func_sp                   
00000811  memcpy                         
000008b5  memset                         


GLOBAL SYMBOLS: SORTED BY Symbol Address 

address   name                           
-------   ----                           
00000000  __TI_static_base__             
00000000  g_pfnVectors                   
00000200  __STACK_SIZE                   
0000026d  main                           
0000032b  KeyIntHandler                  
00000435  __aeabi_dsub                   
0000043f  __aeabi_dadd                   
000005eb  GPIOPadConfigSet               
0000071d  SysCtlClockSet                 
00000811  __aeabi_memcpy                 
00000811  __aeabi_memcpy4                
00000811  __aeabi_memcpy8                
00000811  memcpy                         
000008ad  __aeabi_memclr                 
000008ad  __aeabi_memclr4                
000008ad  __aeabi_memclr8                
000008af  __aeabi_memset                 
000008af  __aeabi_memset4                
000008af  __aeabi_memset8                
000008b5  memset                         
00000927  __mpu_init                     
00000929  __TI_auto_init                 
00000999  __aeabi_d2f                    
00000a71  IntEnable                      
00000ad9  TimerConfigure                 
00000b39  GPIOIntTypeSet                 
00000b8f  _system_post_cinit             
00000b91  _c_int00                       
00000be5  C$$EXIT                        
00000be9  abort                          
00000bf1  exit                           
00000c39  copy_in                        
00000c85  GPIOPinConfigure               
00000d11  __aeabi_f2d                    
00000d49  IntRegister                    
00000d7d  SysCtlPeripheralEnable         
00000db1  GPIODirModeSet                 
00000ddb  GPIOIntRegister                
00000df3  GPIOPinTypeGPIOOutput          
00000e0d  _args_main                     
00000e25  _register_unlock               
00000e2b  _register_lock                 
00000e33  _nop                           
00000e39  GPIOPinTypeGPIOInput           
00000e4b  GPIOPinTypeTimer               
00000e5d  TimerLoadSet                   
00000e6f  TimerMatchSet                  
00000e81  GPIOIntStatus                  
00000e8f  TimerEnable                    
00000e9d  __TI_decompress_none           
00000eab  GPIOIntEnable                  
00000eb7  ResetISR                       
00000ec3  GPIOIntClear                   
00000ec9  GPIOPinWrite                   
00000ecf  SysCtlDelay                    
00000ed5  __TI_decompress_rle24          
00000edb  _system_pre_init               
000011a4  __TI_Handler_Table_Base        
000011ac  __TI_CINIT_Base                
000011ac  __TI_Handler_Table_Limit       
000011bc  __TI_CINIT_Limit               
20000000  g_pfnRAMVectors                
2000026c  __stack                        
2000046c  __STACK_END                    
2000046c  __STACK_TOP                    
2000046c  __TI_cleanup_ptr               
20000470  __TI_dtors_ptr                 
20000474  __TI_enable_exit_profile_output
20000478  _lock                          
2000047c  _unlock                        
20000480  FRE                            
20000484  D                              
20000488  main_func_sp                   
ffffffff  __TI_pprof_out_hndl            
ffffffff  __TI_prof_data_size            
ffffffff  __TI_prof_data_start           
ffffffff  __binit__                      
ffffffff  __c_args__                     
ffffffff  binit                          
UNDEFED   SHT$$INIT_ARRAY$$Base          
UNDEFED   SHT$$INIT_ARRAY$$Limit         

[81 symbols]
