******************************************************************************
                  TI ARM Linker PC v15.12.3                    
******************************************************************************
>> Linked Fri Oct 04 16:53:38 2019

OUTPUT FILE NAME:   <class4.out>
ENTRY POINT SYMBOL: "_c_int00"  address: 00000769


MEMORY CONFIGURATION

         name            origin    length      used     unused   attr    fill
----------------------  --------  ---------  --------  --------  ----  --------
  FLASH                 00000000   00040000  00000a4c  0003f5b4  R  X
  SRAM                  20000000   00008000  00000491  00007b6f  RW X


SEGMENT ALLOCATION MAP

run origin  load origin   length   init length attrs members
----------  ----------- ---------- ----------- ----- -------
00000000    00000000    00000a50   00000a50    r-x
  00000000    00000000    0000026c   0000026c    r-- .intvecs
  0000026c    0000026c    00000780   00000780    r-x .text
  000009f0    000009f0    00000060   00000060    r-- .cinit
20000000    20000000    00000491   00000000    rw-
  20000000    20000000    0000026c   00000000    rw- .vtable
  2000026c    2000026c    00000200   00000000    rw- .stack
  2000046c    2000046c    00000024   00000000    rw- .data
  20000490    20000490    00000001   00000000    rw- .bss


SECTION ALLOCATION MAP

 output                                  attributes/
section   page    origin      length       input sections
--------  ----  ----------  ----------   ----------------
.intvecs   0    00000000    0000026c     
                  00000000    0000026c     tm4c123gh6pm_startup_ccs.obj (.intvecs)

.text      0    0000026c    00000780     
                  0000026c    00000132     driverlib.lib : gpio.obj (.text:GPIOPadConfigSet)
                  0000039e    00000002     rtsv7M4_T_le_v4SPD16_eabi.lib : mpu_init.obj (.text)
                  000003a0    000000f4     driverlib.lib : sysctl.obj (.text:SysCtlClockSet)
                  00000494    000000e0     main.obj (.text)
                  00000574    0000009c     rtsv7M4_T_le_v4SPD16_eabi.lib : memcpy_t2.obj (.text)
                  00000610    0000007a                                   : memset_t2.obj (.text)
                  0000068a    00000002                                   : startup.obj (.text)
                  0000068c    00000070                                   : autoinit.obj (.text)
                  000006fc    0000006a                                   : copy_decompress_rle.obj (.text)
                  00000766    00000002     --HOLE-- [fill = 0]
                  00000768    00000054                                   : boot.obj (.text)
                  000007bc    00000054                                   : exit.obj (.text)
                  00000810    0000004c                                   : cpy_tbl.obj (.text)
                  0000085c    00000040     tm4c123gh6pm_startup_ccs.obj (.text)
                  0000089c    00000034     driverlib.lib : interrupt.obj (.text:IntRegister)
                  000008d0    00000034                   : sysctl.obj (.text:SysCtlPeripheralEnable)
                  00000904    0000002a                   : gpio.obj (.text:GPIODirModeSet)
                  0000092e    00000002     --HOLE-- [fill = 0]
                  00000930    0000001c                   : systick.obj (.text:SysTickIntRegister)
                  0000094c    00000018                   : gpio.obj (.text:GPIOPinTypeGPIOOutput)
                  00000964    00000018     rtsv7M4_T_le_v4SPD16_eabi.lib : args_main.obj (.text)
                  0000097c    00000014     driverlib.lib : systick.obj (.text:SysTickEnable)
                  00000990    00000014                   : systick.obj (.text:SysTickIntEnable)
                  000009a4    00000014     rtsv7M4_T_le_v4SPD16_eabi.lib : _lock.obj (.text)
                  000009b8    00000010     driverlib.lib : systick.obj (.text:SysTickPeriodSet)
                  000009c8    0000000e     rtsv7M4_T_le_v4SPD16_eabi.lib : copy_decompress_none.obj (.text:decompress:none)
                  000009d6    00000006     driverlib.lib : gpio.obj (.text:GPIOPinWrite)
                  000009dc    00000006                   : sysctl.obj (.text:SysCtlDelay)
                  000009e2    00000006     rtsv7M4_T_le_v4SPD16_eabi.lib : copy_decompress_rle.obj (.text:decompress:rle24)
                  000009e8    00000004                                   : pre_init.obj (.text)

.cinit     0    000009f0    00000060     
                  000009f0    00000022     (.cinit..data.load) [load image, compression = rle]
                  00000a12    00000006     --HOLE-- [fill = 0]
                  00000a18    0000000b     (.cinit..vtable.load) [load image, compression = rle]
                  00000a23    00000001     --HOLE-- [fill = 0]
                  00000a24    00000008     (__TI_handler_table)
                  00000a2c    00000004     --HOLE-- [fill = 0]
                  00000a30    00000007     (.cinit..bss.load) [load image, compression = rle]
                  00000a37    00000001     --HOLE-- [fill = 0]
                  00000a38    00000018     (__TI_cinit_table)

.init_array 
*          0    00000000    00000000     UNINITIALIZED

.vtable    0    20000000    0000026c     UNINITIALIZED
                  20000000    0000026c     driverlib.lib : interrupt.obj (.vtable)

.stack     0    2000026c    00000200     UNINITIALIZED
                  2000026c    00000200     --HOLE--

.data      0    2000046c    00000024     UNINITIALIZED
                  2000046c    0000000c     rtsv7M4_T_le_v4SPD16_eabi.lib : exit.obj (.data:$O1$$)
                  20000478    0000000c     main.obj (.data)
                  20000484    00000008     rtsv7M4_T_le_v4SPD16_eabi.lib : _lock.obj (.data:$O1$$)
                  2000048c    00000004                                   : stkdepth_vars.obj (.data)

.bss       0    20000490    00000001     UNINITIALIZED
                  20000490    00000001     tm4c123gh6pm_startup_ccs.obj (.bss)

MODULE SUMMARY

       Module                         code   ro data   rw data
       ------                         ----   -------   -------
    .\
       tm4c123gh6pm_startup_ccs.obj   64     620       1      
       main.obj                       224    0         12     
    +--+------------------------------+------+---------+---------+
       Total:                         288    620       13     
                                                              
    C:\ti\ccsv6\tools\compiler\arm_15.12.3.LTS\lib\rtsv7M4_T_le_v4SPD16_eabi.lib
       memcpy_t2.obj                  156    0         0      
       memset_t2.obj                  122    0         0      
       autoinit.obj                   112    0         0      
       copy_decompress_rle.obj        112    0         0      
       exit.obj                       84     0         12     
       boot.obj                       84     0         0      
       cpy_tbl.obj                    76     0         0      
       _lock.obj                      20     0         8      
       args_main.obj                  24     0         0      
       copy_decompress_none.obj       14     0         0      
       pre_init.obj                   4      0         0      
       stkdepth_vars.obj              0      0         4      
       mpu_init.obj                   2      0         0      
       startup.obj                    2      0         0      
    +--+------------------------------+------+---------+---------+
       Total:                         812    0         24     
                                                              
    E:/ti/TivaWare_C_Series-2.1.4.00178/driverlib/ccs/Debug/driverlib.lib
       interrupt.obj                  52     0         620    
       gpio.obj                       378    0         0      
       sysctl.obj                     302    0         0      
       systick.obj                    84     0         0      
    +--+------------------------------+------+---------+---------+
       Total:                         816    0         620    
                                                              
       Stack:                         0      0         512    
       Linker Generated:              0      84        0      
    +--+------------------------------+------+---------+---------+
       Grand Total:                   1916   704       1169   


LINKER GENERATED COPY TABLES

__TI_cinit_table @ 00000a38 records: 3, size/record: 8, table size: 24
	.data: load addr=000009f0, load size=00000022 bytes, run addr=2000046c, run size=00000024 bytes, compression=rle
	.vtable: load addr=00000a18, load size=0000000b bytes, run addr=20000000, run size=0000026c bytes, compression=rle
	.bss: load addr=00000a30, load size=00000007 bytes, run addr=20000490, run size=00000001 bytes, compression=rle


LINKER GENERATED HANDLER TABLE

__TI_handler_table @ 00000a24 records: 2, size/record: 4, table size: 8
	index: 0, handler: __TI_decompress_rle24
	index: 1, handler: __TI_decompress_none


GLOBAL SYMBOLS: SORTED ALPHABETICALLY BY Name 

address   name                           
-------   ----                           
000007bd  C$$EXIT                        
00000905  GPIODirModeSet                 
0000026d  GPIOPadConfigSet               
0000094d  GPIOPinTypeGPIOOutput          
000009d7  GPIOPinWrite                   
0000089d  IntRegister                    
20000478  LED0_Counter                   
2000047c  LED1_Counter                   
20000480  LED2_Counter                   
0000085d  ResetISR                       
UNDEFED   SHT$$INIT_ARRAY$$Base          
UNDEFED   SHT$$INIT_ARRAY$$Limit         
000003a1  SysCtlClockSet                 
000009dd  SysCtlDelay                    
000008d1  SysCtlPeripheralEnable         
0000097d  SysTickEnable                  
00000991  SysTickIntEnable               
00000931  SysTickIntRegister             
000009b9  SysTickPeriodSet               
2000046c  __STACK_END                    
00000200  __STACK_SIZE                   
2000046c  __STACK_TOP                    
00000a38  __TI_CINIT_Base                
00000a50  __TI_CINIT_Limit               
00000a24  __TI_Handler_Table_Base        
00000a2c  __TI_Handler_Table_Limit       
0000068d  __TI_auto_init                 
2000046c  __TI_cleanup_ptr               
000009c9  __TI_decompress_none           
000009e3  __TI_decompress_rle24          
20000470  __TI_dtors_ptr                 
20000474  __TI_enable_exit_profile_output
ffffffff  __TI_pprof_out_hndl            
ffffffff  __TI_prof_data_size            
ffffffff  __TI_prof_data_start           
00000000  __TI_static_base__             
00000611  __aeabi_memclr                 
00000611  __aeabi_memclr4                
00000611  __aeabi_memclr8                
00000575  __aeabi_memcpy                 
00000575  __aeabi_memcpy4                
00000575  __aeabi_memcpy8                
00000613  __aeabi_memset                 
00000613  __aeabi_memset4                
00000613  __aeabi_memset8                
ffffffff  __binit__                      
ffffffff  __c_args__                     
0000039f  __mpu_init                     
2000026c  __stack                        
00000965  _args_main                     
00000769  _c_int00                       
20000484  _lock                          
000009b3  _nop                           
000009ab  _register_lock                 
000009a5  _register_unlock               
0000068b  _system_post_cinit             
000009e9  _system_pre_init               
20000488  _unlock                        
000007c1  abort                          
ffffffff  binit                          
00000811  copy_in                        
000007c9  exit                           
20000000  g_pfnRAMVectors                
00000000  g_pfnVectors                   
00000495  main                           
2000048c  main_func_sp                   
00000575  memcpy                         
00000619  memset                         


GLOBAL SYMBOLS: SORTED BY Symbol Address 

address   name                           
-------   ----                           
00000000  __TI_static_base__             
00000000  g_pfnVectors                   
00000200  __STACK_SIZE                   
0000026d  GPIOPadConfigSet               
0000039f  __mpu_init                     
000003a1  SysCtlClockSet                 
00000495  main                           
00000575  __aeabi_memcpy                 
00000575  __aeabi_memcpy4                
00000575  __aeabi_memcpy8                
00000575  memcpy                         
00000611  __aeabi_memclr                 
00000611  __aeabi_memclr4                
00000611  __aeabi_memclr8                
00000613  __aeabi_memset                 
00000613  __aeabi_memset4                
00000613  __aeabi_memset8                
00000619  memset                         
0000068b  _system_post_cinit             
0000068d  __TI_auto_init                 
00000769  _c_int00                       
000007bd  C$$EXIT                        
000007c1  abort                          
000007c9  exit                           
00000811  copy_in                        
0000085d  ResetISR                       
0000089d  IntRegister                    
000008d1  SysCtlPeripheralEnable         
00000905  GPIODirModeSet                 
00000931  SysTickIntRegister             
0000094d  GPIOPinTypeGPIOOutput          
00000965  _args_main                     
0000097d  SysTickEnable                  
00000991  SysTickIntEnable               
000009a5  _register_unlock               
000009ab  _register_lock                 
000009b3  _nop                           
000009b9  SysTickPeriodSet               
000009c9  __TI_decompress_none           
000009d7  GPIOPinWrite                   
000009dd  SysCtlDelay                    
000009e3  __TI_decompress_rle24          
000009e9  _system_pre_init               
00000a24  __TI_Handler_Table_Base        
00000a2c  __TI_Handler_Table_Limit       
00000a38  __TI_CINIT_Base                
00000a50  __TI_CINIT_Limit               
20000000  g_pfnRAMVectors                
2000026c  __stack                        
2000046c  __STACK_END                    
2000046c  __STACK_TOP                    
2000046c  __TI_cleanup_ptr               
20000470  __TI_dtors_ptr                 
20000474  __TI_enable_exit_profile_output
20000478  LED0_Counter                   
2000047c  LED1_Counter                   
20000480  LED2_Counter                   
20000484  _lock                          
20000488  _unlock                        
2000048c  main_func_sp                   
ffffffff  __TI_pprof_out_hndl            
ffffffff  __TI_prof_data_size            
ffffffff  __TI_prof_data_start           
ffffffff  __binit__                      
ffffffff  __c_args__                     
ffffffff  binit                          
UNDEFED   SHT$$INIT_ARRAY$$Base          
UNDEFED   SHT$$INIT_ARRAY$$Limit         

[68 symbols]
