<?xml version="1.0"?>
<link_info>
   <banner>TI ARM Linker PC v15.12.3.LTS</banner>
   <copyright>Copyright (c) 1996-2015 Texas Instruments Incorporated</copyright>
   <link_time>0x5da87499</link_time>
   <link_errors>0x0</link_errors>
   <output_file>Copy 7.out</output_file>
   <entry_point>
      <name>_c_int00</name>
      <address>0x1071</address>
   </entry_point>
   <input_file_list>
      <input_file id="fl-2">
         <path>.\</path>
         <kind>object</kind>
         <file>main.obj</file>
         <name>main.obj</name>
      </input_file>
      <input_file id="fl-3">
         <path>.\</path>
         <kind>object</kind>
         <file>tm4c123gh6pm_startup_ccs.obj</file>
         <name>tm4c123gh6pm_startup_ccs.obj</name>
      </input_file>
      <input_file id="fl-4">
         <path>.\</path>
         <kind>object</kind>
         <file>uc1701.obj</file>
         <name>uc1701.obj</name>
      </input_file>
      <input_file id="fl-a">
         <path>E:\ti\TivaWare_C_Series-2.1.4.00178\driverlib\ccs\Debug\</path>
         <kind>archive</kind>
         <file>driverlib.lib</file>
         <name>gpio.obj</name>
      </input_file>
      <input_file id="fl-b">
         <path>E:\ti\TivaWare_C_Series-2.1.4.00178\driverlib\ccs\Debug\</path>
         <kind>archive</kind>
         <file>driverlib.lib</file>
         <name>interrupt.obj</name>
      </input_file>
      <input_file id="fl-c">
         <path>E:\ti\TivaWare_C_Series-2.1.4.00178\driverlib\ccs\Debug\</path>
         <kind>archive</kind>
         <file>driverlib.lib</file>
         <name>ssi.obj</name>
      </input_file>
      <input_file id="fl-d">
         <path>E:\ti\TivaWare_C_Series-2.1.4.00178\driverlib\ccs\Debug\</path>
         <kind>archive</kind>
         <file>driverlib.lib</file>
         <name>sysctl.obj</name>
      </input_file>
      <input_file id="fl-e">
         <path>E:\ti\TivaWare_C_Series-2.1.4.00178\driverlib\ccs\Debug\</path>
         <kind>archive</kind>
         <file>driverlib.lib</file>
         <name>timer.obj</name>
      </input_file>
      <input_file id="fl-f">
         <path>E:\ti\TivaWare_C_Series-2.1.4.00178\driverlib\ccs\Debug\</path>
         <kind>archive</kind>
         <file>driverlib.lib</file>
         <name>cpu.obj</name>
      </input_file>
      <input_file id="fl-c5">
         <path>C:\ti\ccsv6\tools\compiler\arm_15.12.3.LTS\lib\</path>
         <kind>archive</kind>
         <file>rtsv7M4_T_le_v4SPD16_eabi.lib</file>
         <name>boot.obj</name>
      </input_file>
      <input_file id="fl-c6">
         <path>C:\ti\ccsv6\tools\compiler\arm_15.12.3.LTS\lib\</path>
         <kind>archive</kind>
         <file>rtsv7M4_T_le_v4SPD16_eabi.lib</file>
         <name>copy_decompress_none.obj</name>
      </input_file>
      <input_file id="fl-c7">
         <path>C:\ti\ccsv6\tools\compiler\arm_15.12.3.LTS\lib\</path>
         <kind>archive</kind>
         <file>rtsv7M4_T_le_v4SPD16_eabi.lib</file>
         <name>copy_decompress_rle.obj</name>
      </input_file>
      <input_file id="fl-c8">
         <path>C:\ti\ccsv6\tools\compiler\arm_15.12.3.LTS\lib\</path>
         <kind>archive</kind>
         <file>rtsv7M4_T_le_v4SPD16_eabi.lib</file>
         <name>copy_zero_init.obj</name>
      </input_file>
      <input_file id="fl-c9">
         <path>C:\ti\ccsv6\tools\compiler\arm_15.12.3.LTS\lib\</path>
         <kind>archive</kind>
         <file>rtsv7M4_T_le_v4SPD16_eabi.lib</file>
         <name>exit.obj</name>
      </input_file>
      <input_file id="fl-ca">
         <path>C:\ti\ccsv6\tools\compiler\arm_15.12.3.LTS\lib\</path>
         <kind>archive</kind>
         <file>rtsv7M4_T_le_v4SPD16_eabi.lib</file>
         <name>memcpy_t2.obj</name>
      </input_file>
      <input_file id="fl-cb">
         <path>C:\ti\ccsv6\tools\compiler\arm_15.12.3.LTS\lib\</path>
         <kind>archive</kind>
         <file>rtsv7M4_T_le_v4SPD16_eabi.lib</file>
         <name>memset_t2.obj</name>
      </input_file>
      <input_file id="fl-cc">
         <path>C:\ti\ccsv6\tools\compiler\arm_15.12.3.LTS\lib\</path>
         <kind>archive</kind>
         <file>rtsv7M4_T_le_v4SPD16_eabi.lib</file>
         <name>mpu_init.obj</name>
      </input_file>
      <input_file id="fl-cd">
         <path>C:\ti\ccsv6\tools\compiler\arm_15.12.3.LTS\lib\</path>
         <kind>archive</kind>
         <file>rtsv7M4_T_le_v4SPD16_eabi.lib</file>
         <name>pre_init.obj</name>
      </input_file>
      <input_file id="fl-ce">
         <path>C:\ti\ccsv6\tools\compiler\arm_15.12.3.LTS\lib\</path>
         <kind>archive</kind>
         <file>rtsv7M4_T_le_v4SPD16_eabi.lib</file>
         <name>stkdepth_vars.obj</name>
      </input_file>
      <input_file id="fl-cf">
         <path>C:\ti\ccsv6\tools\compiler\arm_15.12.3.LTS\lib\</path>
         <kind>archive</kind>
         <file>rtsv7M4_T_le_v4SPD16_eabi.lib</file>
         <name>_lock.obj</name>
      </input_file>
      <input_file id="fl-d0">
         <path>C:\ti\ccsv6\tools\compiler\arm_15.12.3.LTS\lib\</path>
         <kind>archive</kind>
         <file>rtsv7M4_T_le_v4SPD16_eabi.lib</file>
         <name>args_main.obj</name>
      </input_file>
      <input_file id="fl-d1">
         <path>C:\ti\ccsv6\tools\compiler\arm_15.12.3.LTS\lib\</path>
         <kind>archive</kind>
         <file>rtsv7M4_T_le_v4SPD16_eabi.lib</file>
         <name>autoinit.obj</name>
      </input_file>
      <input_file id="fl-d2">
         <path>C:\ti\ccsv6\tools\compiler\arm_15.12.3.LTS\lib\</path>
         <kind>archive</kind>
         <file>rtsv7M4_T_le_v4SPD16_eabi.lib</file>
         <name>cpy_tbl.obj</name>
      </input_file>
      <input_file id="fl-d3">
         <path>C:\ti\ccsv6\tools\compiler\arm_15.12.3.LTS\lib\</path>
         <kind>archive</kind>
         <file>rtsv7M4_T_le_v4SPD16_eabi.lib</file>
         <name>startup.obj</name>
      </input_file>
   </input_file_list>
   <object_component_list>
      <object_component id="oc-f">
         <name>.intvecs</name>
         <load_address>0x0</load_address>
         <run_address>0x0</run_address>
         <size>0x26c</size>
         <input_file_ref idref="fl-3"/>
      </object_component>
      <object_component id="oc-117">
         <name>.text</name>
         <load_address>0x26c</load_address>
         <run_address>0x26c</run_address>
         <size>0x668</size>
         <input_file_ref idref="fl-4"/>
      </object_component>
      <object_component id="oc-b2">
         <name>.text</name>
         <load_address>0x8d4</load_address>
         <run_address>0x8d4</run_address>
         <size>0x1a8</size>
         <input_file_ref idref="fl-2"/>
      </object_component>
      <object_component id="oc-154">
         <name>.text:GPIOPadConfigSet</name>
         <load_address>0xa7c</load_address>
         <run_address>0xa7c</run_address>
         <size>0x132</size>
         <input_file_ref idref="fl-a"/>
      </object_component>
      <object_component id="oc-59">
         <name>.text</name>
         <load_address>0xbae</load_address>
         <run_address>0xbae</run_address>
         <size>0x2</size>
         <input_file_ref idref="fl-cc"/>
      </object_component>
      <object_component id="oc-171">
         <name>.text:SysCtlClockGet</name>
         <load_address>0xbb0</load_address>
         <run_address>0xbb0</run_address>
         <size>0x110</size>
         <input_file_ref idref="fl-d"/>
      </object_component>
      <object_component id="oc-e7">
         <name>.text:SysCtlClockSet</name>
         <load_address>0xcc0</load_address>
         <run_address>0xcc0</run_address>
         <size>0xf4</size>
         <input_file_ref idref="fl-d"/>
      </object_component>
      <object_component id="oc-34">
         <name>.text</name>
         <load_address>0xdb4</load_address>
         <run_address>0xdb4</run_address>
         <size>0x9c</size>
         <input_file_ref idref="fl-ca"/>
      </object_component>
      <object_component id="oc-4d">
         <name>.text</name>
         <load_address>0xe50</load_address>
         <run_address>0xe50</run_address>
         <size>0x7a</size>
         <input_file_ref idref="fl-cb"/>
      </object_component>
      <object_component id="oc-aa">
         <name>.text</name>
         <load_address>0xeca</load_address>
         <run_address>0xeca</run_address>
         <size>0x2</size>
         <input_file_ref idref="fl-d3"/>
      </object_component>
      <object_component id="oc-65">
         <name>.text</name>
         <load_address>0xecc</load_address>
         <run_address>0xecc</run_address>
         <size>0x70</size>
         <input_file_ref idref="fl-d1"/>
      </object_component>
      <object_component id="oc-40">
         <name>.text</name>
         <load_address>0xf3c</load_address>
         <run_address>0xf3c</run_address>
         <size>0x6a</size>
         <input_file_ref idref="fl-c7"/>
      </object_component>
      <object_component id="oc-168">
         <name>.text:IntEnable</name>
         <load_address>0xfa8</load_address>
         <run_address>0xfa8</run_address>
         <size>0x68</size>
         <input_file_ref idref="fl-b"/>
      </object_component>
      <object_component id="oc-ff">
         <name>.text:TimerConfigure</name>
         <load_address>0x1010</load_address>
         <run_address>0x1010</run_address>
         <size>0x60</size>
         <input_file_ref idref="fl-e"/>
      </object_component>
      <object_component id="oc-24">
         <name>.text</name>
         <load_address>0x1070</load_address>
         <run_address>0x1070</run_address>
         <size>0x54</size>
         <input_file_ref idref="fl-c5"/>
      </object_component>
      <object_component id="oc-71">
         <name>.text</name>
         <load_address>0x10c4</load_address>
         <run_address>0x10c4</run_address>
         <size>0x54</size>
         <input_file_ref idref="fl-c9"/>
      </object_component>
      <object_component id="oc-15c">
         <name>.text:_TimerIntNumberGet</name>
         <load_address>0x1118</load_address>
         <run_address>0x1118</run_address>
         <size>0x4c</size>
         <input_file_ref idref="fl-e"/>
      </object_component>
      <object_component id="oc-a4">
         <name>.text</name>
         <load_address>0x1164</load_address>
         <run_address>0x1164</run_address>
         <size>0x4c</size>
         <input_file_ref idref="fl-d2"/>
      </object_component>
      <object_component id="oc-f3">
         <name>.text:GPIOPinConfigure</name>
         <load_address>0x11b0</load_address>
         <run_address>0x11b0</run_address>
         <size>0x48</size>
         <input_file_ref idref="fl-a"/>
      </object_component>
      <object_component id="oc-2b">
         <name>.text</name>
         <load_address>0x11f8</load_address>
         <run_address>0x11f8</run_address>
         <size>0x40</size>
         <input_file_ref idref="fl-3"/>
      </object_component>
      <object_component id="oc-183">
         <name>.text:SSIConfigSetExpClk</name>
         <load_address>0x1238</load_address>
         <run_address>0x1238</run_address>
         <size>0x3c</size>
         <input_file_ref idref="fl-c"/>
      </object_component>
      <object_component id="oc-162">
         <name>.text:IntRegister</name>
         <load_address>0x1274</load_address>
         <run_address>0x1274</run_address>
         <size>0x34</size>
         <input_file_ref idref="fl-b"/>
      </object_component>
      <object_component id="oc-ed">
         <name>.text:SysCtlPeripheralEnable</name>
         <load_address>0x12a8</load_address>
         <run_address>0x12a8</run_address>
         <size>0x34</size>
         <input_file_ref idref="fl-d"/>
      </object_component>
      <object_component id="oc-14e">
         <name>.text:GPIODirModeSet</name>
         <load_address>0x12dc</load_address>
         <run_address>0x12dc</run_address>
         <size>0x2a</size>
         <input_file_ref idref="fl-a"/>
      </object_component>
      <object_component id="oc-177">
         <name>.text:GPIOPinTypeGPIOOutput</name>
         <load_address>0x1306</load_address>
         <run_address>0x1306</run_address>
         <size>0x18</size>
         <input_file_ref idref="fl-a"/>
      </object_component>
      <object_component id="oc-105">
         <name>.text:TimerIntRegister</name>
         <load_address>0x131e</load_address>
         <run_address>0x131e</run_address>
         <size>0x18</size>
         <input_file_ref idref="fl-e"/>
      </object_component>
      <object_component id="oc-6b">
         <name>.text</name>
         <load_address>0x1338</load_address>
         <run_address>0x1338</run_address>
         <size>0x18</size>
         <input_file_ref idref="fl-d0"/>
      </object_component>
      <object_component id="oc-12f">
         <name>.text</name>
         <load_address>0x1350</load_address>
         <run_address>0x1350</run_address>
         <size>0x14</size>
         <input_file_ref idref="fl-cf"/>
      </object_component>
      <object_component id="oc-17d">
         <name>.text:GPIOPinTypeSSI</name>
         <load_address>0x1364</load_address>
         <run_address>0x1364</run_address>
         <size>0x12</size>
         <input_file_ref idref="fl-a"/>
      </object_component>
      <object_component id="oc-f9">
         <name>.text:GPIOPinTypeTimer</name>
         <load_address>0x1376</load_address>
         <run_address>0x1376</run_address>
         <size>0x12</size>
         <input_file_ref idref="fl-a"/>
      </object_component>
      <object_component id="oc-111">
         <name>.text:TimerEnable</name>
         <load_address>0x1388</load_address>
         <run_address>0x1388</run_address>
         <size>0xe</size>
         <input_file_ref idref="fl-e"/>
      </object_component>
      <object_component id="oc-12">
         <name>.text:decompress:none</name>
         <load_address>0x1396</load_address>
         <run_address>0x1396</run_address>
         <size>0xe</size>
         <input_file_ref idref="fl-c6"/>
      </object_component>
      <object_component id="oc-18f">
         <name>.text:SSIDataPut</name>
         <load_address>0x13a4</load_address>
         <run_address>0x13a4</run_address>
         <size>0xa</size>
         <input_file_ref idref="fl-c"/>
      </object_component>
      <object_component id="oc-189">
         <name>.text:SSIEnable</name>
         <load_address>0x13ae</load_address>
         <run_address>0x13ae</run_address>
         <size>0xa</size>
         <input_file_ref idref="fl-c"/>
      </object_component>
      <object_component id="oc-e1">
         <name>.text:TimerValueGet</name>
         <load_address>0x13b8</load_address>
         <run_address>0x13b8</run_address>
         <size>0xa</size>
         <input_file_ref idref="fl-e"/>
      </object_component>
      <object_component id="oc-195">
         <name>.text:SSIBusy</name>
         <load_address>0x13c2</load_address>
         <run_address>0x13c2</run_address>
         <size>0x8</size>
         <input_file_ref idref="fl-c"/>
      </object_component>
      <object_component id="oc-10b">
         <name>.text:TimerIntEnable</name>
         <load_address>0x13ca</load_address>
         <run_address>0x13ca</run_address>
         <size>0x8</size>
         <input_file_ref idref="fl-e"/>
      </object_component>
      <object_component id="oc-7b">
         <name>.text:GPIOPinWrite</name>
         <load_address>0x13d2</load_address>
         <run_address>0x13d2</run_address>
         <size>0x6</size>
         <input_file_ref idref="fl-a"/>
      </object_component>
      <object_component id="oc-11d">
         <name>.text:SysCtlDelay</name>
         <load_address>0x13d8</load_address>
         <run_address>0x13d8</run_address>
         <size>0x6</size>
         <input_file_ref idref="fl-d"/>
      </object_component>
      <object_component id="oc-18">
         <name>.text:decompress:rle24</name>
         <load_address>0x13de</load_address>
         <run_address>0x13de</run_address>
         <size>0x6</size>
         <input_file_ref idref="fl-c7"/>
      </object_component>
      <object_component id="oc-db">
         <name>.text:TimerIntClear</name>
         <load_address>0x13e4</load_address>
         <run_address>0x13e4</run_address>
         <size>0x4</size>
         <input_file_ref idref="fl-e"/>
      </object_component>
      <object_component id="oc-5f">
         <name>.text</name>
         <load_address>0x13e8</load_address>
         <run_address>0x13e8</run_address>
         <size>0x4</size>
         <input_file_ref idref="fl-cd"/>
      </object_component>
      <object_component id="oc-14a">
         <name>.const:g_pui32GPIOBaseAddrs</name>
         <load_address>0x13ec</load_address>
         <run_address>0x13ec</run_address>
         <size>0x90</size>
         <input_file_ref idref="fl-a"/>
      </object_component>
      <object_component id="oc-1c1">
         <name>.const</name>
         <load_address>0x147c</load_address>
         <run_address>0x147c</run_address>
         <size>0x70</size>
         <input_file_ref idref="fl-b"/>
      </object_component>
      <object_component id="oc-1c5">
         <name>.const:g_pui32Xtals</name>
         <load_address>0x14ec</load_address>
         <run_address>0x14ec</run_address>
         <size>0x6c</size>
         <input_file_ref idref="fl-d"/>
      </object_component>
      <object_component id="oc-1b5">
         <name>.const:g_ppui32TimerIntMap</name>
         <load_address>0x1558</load_address>
         <run_address>0x1558</run_address>
         <size>0x60</size>
         <input_file_ref idref="fl-e"/>
      </object_component>
      <object_component id="oc-1b8">
         <name>.const:g_ppui32TimerIntMapSnowflake</name>
         <load_address>0x15b8</load_address>
         <run_address>0x15b8</run_address>
         <size>0x40</size>
         <input_file_ref idref="fl-e"/>
      </object_component>
      <object_component id="oc-206">
         <name>.cinit..data.load</name>
         <load_address>0x15f8</load_address>
         <run_address>0x15f8</run_address>
         <size>0x4b0</size>
      </object_component>
      <object_component id="oc-205">
         <name>.cinit..vtable.load</name>
         <load_address>0x1aa8</load_address>
         <run_address>0x1aa8</run_address>
         <size>0xb</size>
      </object_component>
      <object_component id="oc-207">
         <name>.cinit..bss.load</name>
         <load_address>0x1ab8</load_address>
         <run_address>0x1ab8</run_address>
         <size>0x9</size>
      </object_component>
      <object_component id="oc-203">
         <name>__TI_handler_table</name>
         <load_address>0x1ac4</load_address>
         <run_address>0x1ac4</run_address>
         <size>0x8</size>
      </object_component>
      <object_component id="oc-204">
         <name>__TI_cinit_table</name>
         <load_address>0x1acc</load_address>
         <run_address>0x1acc</run_address>
         <size>0x18</size>
      </object_component>
      <object_component id="oc-1bc">
         <name>.vtable</name>
         <uninitialized>true</uninitialized>
         <run_address>0x20000000</run_address>
         <size>0x26c</size>
         <input_file_ref idref="fl-b"/>
      </object_component>
      <object_component id="oc-19b">
         <name>.data:Ascii</name>
         <load_address>0x2000026c</load_address>
         <run_address>0x2000026c</run_address>
         <size>0x5f0</size>
         <input_file_ref idref="fl-4"/>
      </object_component>
      <object_component id="oc-19e">
         <name>.data</name>
         <load_address>0x20000874</load_address>
         <run_address>0x20000874</run_address>
         <size>0x1</size>
         <input_file_ref idref="fl-4"/>
      </object_component>
      <object_component id="oc-ba">
         <name>.data:$O1$$</name>
         <load_address>0x2000085c</load_address>
         <run_address>0x2000085c</run_address>
         <size>0xc</size>
         <input_file_ref idref="fl-c9"/>
      </object_component>
      <object_component id="oc-77">
         <name>.data</name>
         <load_address>0x20000870</load_address>
         <run_address>0x20000870</run_address>
         <size>0x4</size>
         <input_file_ref idref="fl-ce"/>
      </object_component>
      <object_component id="oc-bd">
         <name>.data:$O1$$</name>
         <load_address>0x20000868</load_address>
         <run_address>0x20000868</run_address>
         <size>0x8</size>
         <input_file_ref idref="fl-cf"/>
      </object_component>
      <object_component id="oc-81">
         <name>.bss</name>
         <uninitialized>true</uninitialized>
         <run_address>0x20000a8c</run_address>
         <size>0x1</size>
         <input_file_ref idref="fl-3"/>
      </object_component>
      <object_component id="oc-121">
         <name>.common:Temp1</name>
         <uninitialized>true</uninitialized>
         <run_address>0x20000a78</run_address>
         <size>0x4</size>
      </object_component>
      <object_component id="oc-122">
         <name>.common:Temp2</name>
         <uninitialized>true</uninitialized>
         <run_address>0x20000a7c</run_address>
         <size>0x4</size>
      </object_component>
      <object_component id="oc-11e">
         <name>.common:temp1</name>
         <uninitialized>true</uninitialized>
         <run_address>0x20000a84</run_address>
         <size>0x4</size>
      </object_component>
      <object_component id="oc-123">
         <name>.common:t</name>
         <uninitialized>true</uninitialized>
         <run_address>0x20000a80</run_address>
         <size>0x4</size>
      </object_component>
      <object_component id="oc-124">
         <name>.common:tt</name>
         <uninitialized>true</uninitialized>
         <run_address>0x20000a88</run_address>
         <size>0x4</size>
      </object_component>
      <object_component id="oc-2a">
         <name>.stack</name>
         <uninitialized>true</uninitialized>
         <run_address>0x20000878</run_address>
         <size>0x0</size>
         <input_file_ref idref="fl-c5"/>
      </object_component>
      <object_component id="oc-208">
         <name>.stack</name>
         <uninitialized>true</uninitialized>
         <run_address>0x20000878</run_address>
         <size>0x0</size>
      </object_component>
      <object_component id="oc-11f">
         <name>.debug_info</name>
         <load_address>0x0</load_address>
         <run_address>0x0</run_address>
         <size>0x441</size>
         <input_file_ref idref="fl-2"/>
      </object_component>
      <object_component id="oc-b3">
         <name>.debug_info</name>
         <load_address>0x441</load_address>
         <run_address>0x441</run_address>
         <size>0x40d</size>
         <input_file_ref idref="fl-2"/>
      </object_component>
      <object_component id="oc-83">
         <name>.debug_info</name>
         <load_address>0x84e</load_address>
         <run_address>0x84e</run_address>
         <size>0x84</size>
         <input_file_ref idref="fl-2"/>
      </object_component>
      <object_component id="oc-8a">
         <name>.debug_info</name>
         <load_address>0x8d2</load_address>
         <run_address>0x8d2</run_address>
         <size>0x18b</size>
         <input_file_ref idref="fl-2"/>
      </object_component>
      <object_component id="oc-33">
         <name>.debug_info</name>
         <load_address>0xa5d</load_address>
         <run_address>0xa5d</run_address>
         <size>0x131</size>
         <input_file_ref idref="fl-3"/>
      </object_component>
      <object_component id="oc-10">
         <name>.debug_info</name>
         <load_address>0xb8e</load_address>
         <run_address>0xb8e</run_address>
         <size>0xe8</size>
         <input_file_ref idref="fl-3"/>
      </object_component>
      <object_component id="oc-2d">
         <name>.debug_info</name>
         <load_address>0xc76</load_address>
         <run_address>0xc76</run_address>
         <size>0x31e</size>
         <input_file_ref idref="fl-3"/>
      </object_component>
      <object_component id="oc-1a2">
         <name>.debug_info</name>
         <load_address>0xf94</load_address>
         <run_address>0xf94</run_address>
         <size>0x2fe</size>
         <input_file_ref idref="fl-4"/>
      </object_component>
      <object_component id="oc-19c">
         <name>.debug_info</name>
         <load_address>0x1292</load_address>
         <run_address>0x1292</run_address>
         <size>0xc8</size>
         <input_file_ref idref="fl-4"/>
      </object_component>
      <object_component id="oc-19f">
         <name>.debug_info</name>
         <load_address>0x135a</load_address>
         <run_address>0x135a</run_address>
         <size>0xda</size>
         <input_file_ref idref="fl-4"/>
      </object_component>
      <object_component id="oc-118">
         <name>.debug_info</name>
         <load_address>0x1434</load_address>
         <run_address>0x1434</run_address>
         <size>0x14a4</size>
         <input_file_ref idref="fl-4"/>
      </object_component>
      <object_component id="oc-c7">
         <name>.debug_info</name>
         <load_address>0x28d8</load_address>
         <run_address>0x28d8</run_address>
         <size>0x8b</size>
         <input_file_ref idref="fl-4"/>
      </object_component>
      <object_component id="oc-9a">
         <name>.debug_info</name>
         <load_address>0x2963</load_address>
         <run_address>0x2963</run_address>
         <size>0x2c</size>
         <input_file_ref idref="fl-4"/>
      </object_component>
      <object_component id="oc-c6">
         <name>.debug_info</name>
         <load_address>0x298f</load_address>
         <run_address>0x298f</run_address>
         <size>0x240</size>
         <input_file_ref idref="fl-a"/>
      </object_component>
      <object_component id="oc-14b">
         <name>.debug_info</name>
         <load_address>0x2bcf</load_address>
         <run_address>0x2bcf</run_address>
         <size>0x15b</size>
         <input_file_ref idref="fl-a"/>
      </object_component>
      <object_component id="oc-7c">
         <name>.debug_info</name>
         <load_address>0x2d2a</load_address>
         <run_address>0x2d2a</run_address>
         <size>0x2a3</size>
         <input_file_ref idref="fl-a"/>
      </object_component>
      <object_component id="oc-14f">
         <name>.debug_info</name>
         <load_address>0x2fcd</load_address>
         <run_address>0x2fcd</run_address>
         <size>0x2b3</size>
         <input_file_ref idref="fl-a"/>
      </object_component>
      <object_component id="oc-155">
         <name>.debug_info</name>
         <load_address>0x3280</load_address>
         <run_address>0x3280</run_address>
         <size>0x316</size>
         <input_file_ref idref="fl-a"/>
      </object_component>
      <object_component id="oc-fa">
         <name>.debug_info</name>
         <load_address>0x3596</load_address>
         <run_address>0x3596</run_address>
         <size>0x27d</size>
         <input_file_ref idref="fl-a"/>
      </object_component>
      <object_component id="oc-17e">
         <name>.debug_info</name>
         <load_address>0x3813</load_address>
         <run_address>0x3813</run_address>
         <size>0x279</size>
         <input_file_ref idref="fl-a"/>
      </object_component>
      <object_component id="oc-178">
         <name>.debug_info</name>
         <load_address>0x3a8c</load_address>
         <run_address>0x3a8c</run_address>
         <size>0x2b7</size>
         <input_file_ref idref="fl-a"/>
      </object_component>
      <object_component id="oc-f4">
         <name>.debug_info</name>
         <load_address>0x3d43</load_address>
         <run_address>0x3d43</run_address>
         <size>0x280</size>
         <input_file_ref idref="fl-a"/>
      </object_component>
      <object_component id="oc-1c0">
         <name>.debug_info</name>
         <load_address>0x3fc3</load_address>
         <run_address>0x3fc3</run_address>
         <size>0x20e</size>
         <input_file_ref idref="fl-b"/>
      </object_component>
      <object_component id="oc-1c2">
         <name>.debug_info</name>
         <load_address>0x41d1</load_address>
         <run_address>0x41d1</run_address>
         <size>0x210</size>
         <input_file_ref idref="fl-b"/>
      </object_component>
      <object_component id="oc-1bd">
         <name>.debug_info</name>
         <load_address>0x43e1</load_address>
         <run_address>0x43e1</run_address>
         <size>0x157</size>
         <input_file_ref idref="fl-b"/>
      </object_component>
      <object_component id="oc-164">
         <name>.debug_info</name>
         <load_address>0x4538</load_address>
         <run_address>0x4538</run_address>
         <size>0x2c1</size>
         <input_file_ref idref="fl-b"/>
      </object_component>
      <object_component id="oc-16a">
         <name>.debug_info</name>
         <load_address>0x47f9</load_address>
         <run_address>0x47f9</run_address>
         <size>0x268</size>
         <input_file_ref idref="fl-b"/>
      </object_component>
      <object_component id="oc-1cc">
         <name>.debug_info</name>
         <load_address>0x4a61</load_address>
         <run_address>0x4a61</run_address>
         <size>0x21c</size>
         <input_file_ref idref="fl-c"/>
      </object_component>
      <object_component id="oc-18b">
         <name>.debug_info</name>
         <load_address>0x4c7d</load_address>
         <run_address>0x4c7d</run_address>
         <size>0x242</size>
         <input_file_ref idref="fl-c"/>
      </object_component>
      <object_component id="oc-191">
         <name>.debug_info</name>
         <load_address>0x4ebf</load_address>
         <run_address>0x4ebf</run_address>
         <size>0x276</size>
         <input_file_ref idref="fl-c"/>
      </object_component>
      <object_component id="oc-185">
         <name>.debug_info</name>
         <load_address>0x5135</load_address>
         <run_address>0x5135</run_address>
         <size>0x3d9</size>
         <input_file_ref idref="fl-c"/>
      </object_component>
      <object_component id="oc-197">
         <name>.debug_info</name>
         <load_address>0x550e</load_address>
         <run_address>0x550e</run_address>
         <size>0x242</size>
         <input_file_ref idref="fl-c"/>
      </object_component>
      <object_component id="oc-148">
         <name>.debug_info</name>
         <load_address>0x5750</load_address>
         <run_address>0x5750</run_address>
         <size>0x298</size>
         <input_file_ref idref="fl-d"/>
      </object_component>
      <object_component id="oc-1c6">
         <name>.debug_info</name>
         <load_address>0x59e8</load_address>
         <run_address>0x59e8</run_address>
         <size>0x14d</size>
         <input_file_ref idref="fl-d"/>
      </object_component>
      <object_component id="oc-ee">
         <name>.debug_info</name>
         <load_address>0x5b35</load_address>
         <run_address>0x5b35</run_address>
         <size>0x27d</size>
         <input_file_ref idref="fl-d"/>
      </object_component>
      <object_component id="oc-e8">
         <name>.debug_info</name>
         <load_address>0x5db2</load_address>
         <run_address>0x5db2</run_address>
         <size>0x2db</size>
         <input_file_ref idref="fl-d"/>
      </object_component>
      <object_component id="oc-172">
         <name>.debug_info</name>
         <load_address>0x608d</load_address>
         <run_address>0x608d</run_address>
         <size>0x2b5</size>
         <input_file_ref idref="fl-d"/>
      </object_component>
      <object_component id="oc-1ac">
         <name>.debug_info</name>
         <load_address>0x6342</load_address>
         <run_address>0x6342</run_address>
         <size>0x5f</size>
         <input_file_ref idref="fl-d"/>
      </object_component>
      <object_component id="oc-145">
         <name>.debug_info</name>
         <load_address>0x63a1</load_address>
         <run_address>0x63a1</run_address>
         <size>0x223</size>
         <input_file_ref idref="fl-e"/>
      </object_component>
      <object_component id="oc-1b6">
         <name>.debug_info</name>
         <load_address>0x65c4</load_address>
         <run_address>0x65c4</run_address>
         <size>0x15a</size>
         <input_file_ref idref="fl-e"/>
      </object_component>
      <object_component id="oc-1b9">
         <name>.debug_info</name>
         <load_address>0x671e</load_address>
         <run_address>0x671e</run_address>
         <size>0x16c</size>
         <input_file_ref idref="fl-e"/>
      </object_component>
      <object_component id="oc-e2">
         <name>.debug_info</name>
         <load_address>0x688a</load_address>
         <run_address>0x688a</run_address>
         <size>0x28a</size>
         <input_file_ref idref="fl-e"/>
      </object_component>
      <object_component id="oc-15d">
         <name>.debug_info</name>
         <load_address>0x6b14</load_address>
         <run_address>0x6b14</run_address>
         <size>0x2eb</size>
         <input_file_ref idref="fl-e"/>
      </object_component>
      <object_component id="oc-107">
         <name>.debug_info</name>
         <load_address>0x6dff</load_address>
         <run_address>0x6dff</run_address>
         <size>0x2e4</size>
         <input_file_ref idref="fl-e"/>
      </object_component>
      <object_component id="oc-10d">
         <name>.debug_info</name>
         <load_address>0x70e3</load_address>
         <run_address>0x70e3</run_address>
         <size>0x294</size>
         <input_file_ref idref="fl-e"/>
      </object_component>
      <object_component id="oc-dd">
         <name>.debug_info</name>
         <load_address>0x7377</load_address>
         <run_address>0x7377</run_address>
         <size>0x292</size>
         <input_file_ref idref="fl-e"/>
      </object_component>
      <object_component id="oc-113">
         <name>.debug_info</name>
         <load_address>0x7609</load_address>
         <run_address>0x7609</run_address>
         <size>0x27f</size>
         <input_file_ref idref="fl-e"/>
      </object_component>
      <object_component id="oc-101">
         <name>.debug_info</name>
         <load_address>0x7888</load_address>
         <run_address>0x7888</run_address>
         <size>0x28c</size>
         <input_file_ref idref="fl-e"/>
      </object_component>
      <object_component id="oc-26">
         <name>.debug_info</name>
         <load_address>0x7b14</load_address>
         <run_address>0x7b14</run_address>
         <size>0x161</size>
         <input_file_ref idref="fl-c5"/>
      </object_component>
      <object_component id="oc-3f">
         <name>.debug_info</name>
         <load_address>0x7c75</load_address>
         <run_address>0x7c75</run_address>
         <size>0x141</size>
         <input_file_ref idref="fl-c6"/>
      </object_component>
      <object_component id="oc-16">
         <name>.debug_info</name>
         <load_address>0x7db6</load_address>
         <run_address>0x7db6</run_address>
         <size>0x1e0</size>
         <input_file_ref idref="fl-c6"/>
      </object_component>
      <object_component id="oc-3a">
         <name>.debug_info</name>
         <load_address>0x7f96</load_address>
         <run_address>0x7f96</run_address>
         <size>0x46</size>
         <input_file_ref idref="fl-c6"/>
      </object_component>
      <object_component id="oc-90">
         <name>.debug_info</name>
         <load_address>0x7fdc</load_address>
         <run_address>0x7fdc</run_address>
         <size>0x2c</size>
         <input_file_ref idref="fl-c6"/>
      </object_component>
      <object_component id="oc-47">
         <name>.debug_info</name>
         <load_address>0x8008</load_address>
         <run_address>0x8008</run_address>
         <size>0x135</size>
         <input_file_ref idref="fl-c7"/>
      </object_component>
      <object_component id="oc-42">
         <name>.debug_info</name>
         <load_address>0x813d</load_address>
         <run_address>0x813d</run_address>
         <size>0x248</size>
         <input_file_ref idref="fl-c7"/>
      </object_component>
      <object_component id="oc-19">
         <name>.debug_info</name>
         <load_address>0x8385</load_address>
         <run_address>0x8385</run_address>
         <size>0x1b2</size>
         <input_file_ref idref="fl-c7"/>
      </object_component>
      <object_component id="oc-48">
         <name>.debug_info</name>
         <load_address>0x8537</load_address>
         <run_address>0x8537</run_address>
         <size>0x39</size>
         <input_file_ref idref="fl-c7"/>
      </object_component>
      <object_component id="oc-c1">
         <name>.debug_info</name>
         <load_address>0x8570</load_address>
         <run_address>0x8570</run_address>
         <size>0x235</size>
         <input_file_ref idref="fl-c9"/>
      </object_component>
      <object_component id="oc-bb">
         <name>.debug_info</name>
         <load_address>0x87a5</load_address>
         <run_address>0x87a5</run_address>
         <size>0x186</size>
         <input_file_ref idref="fl-c9"/>
      </object_component>
      <object_component id="oc-72">
         <name>.debug_info</name>
         <load_address>0x892b</load_address>
         <run_address>0x892b</run_address>
         <size>0x215</size>
         <input_file_ref idref="fl-c9"/>
      </object_component>
      <object_component id="oc-37">
         <name>.debug_info</name>
         <load_address>0x8b40</load_address>
         <run_address>0x8b40</run_address>
         <size>0x112</size>
         <input_file_ref idref="fl-ca"/>
      </object_component>
      <object_component id="oc-50">
         <name>.debug_info</name>
         <load_address>0x8c52</load_address>
         <run_address>0x8c52</run_address>
         <size>0x140</size>
         <input_file_ref idref="fl-cb"/>
      </object_component>
      <object_component id="oc-5a">
         <name>.debug_info</name>
         <load_address>0x8d92</load_address>
         <run_address>0x8d92</run_address>
         <size>0x139</size>
         <input_file_ref idref="fl-cc"/>
      </object_component>
      <object_component id="oc-62">
         <name>.debug_info</name>
         <load_address>0x8ecb</load_address>
         <run_address>0x8ecb</run_address>
         <size>0x149</size>
         <input_file_ref idref="fl-cd"/>
      </object_component>
      <object_component id="oc-78">
         <name>.debug_info</name>
         <load_address>0x9014</load_address>
         <run_address>0x9014</run_address>
         <size>0x10a</size>
         <input_file_ref idref="fl-ce"/>
      </object_component>
      <object_component id="oc-137">
         <name>.debug_info</name>
         <load_address>0x911e</load_address>
         <run_address>0x911e</run_address>
         <size>0x125</size>
         <input_file_ref idref="fl-cf"/>
      </object_component>
      <object_component id="oc-be">
         <name>.debug_info</name>
         <load_address>0x9243</load_address>
         <run_address>0x9243</run_address>
         <size>0x114</size>
         <input_file_ref idref="fl-cf"/>
      </object_component>
      <object_component id="oc-130">
         <name>.debug_info</name>
         <load_address>0x9357</load_address>
         <run_address>0x9357</run_address>
         <size>0x220</size>
         <input_file_ref idref="fl-cf"/>
      </object_component>
      <object_component id="oc-b9">
         <name>.debug_info</name>
         <load_address>0x9577</load_address>
         <run_address>0x9577</run_address>
         <size>0x167</size>
         <input_file_ref idref="fl-d0"/>
      </object_component>
      <object_component id="oc-6c">
         <name>.debug_info</name>
         <load_address>0x96de</load_address>
         <run_address>0x96de</run_address>
         <size>0x168</size>
         <input_file_ref idref="fl-d0"/>
      </object_component>
      <object_component id="oc-128">
         <name>.debug_info</name>
         <load_address>0x9846</load_address>
         <run_address>0x9846</run_address>
         <size>0x5e</size>
         <input_file_ref idref="fl-d0"/>
      </object_component>
      <object_component id="oc-b1">
         <name>.debug_info</name>
         <load_address>0x98a4</load_address>
         <run_address>0x98a4</run_address>
         <size>0x2ea</size>
         <input_file_ref idref="fl-d1"/>
      </object_component>
      <object_component id="oc-68">
         <name>.debug_info</name>
         <load_address>0x9b8e</load_address>
         <run_address>0x9b8e</run_address>
         <size>0x191</size>
         <input_file_ref idref="fl-d1"/>
      </object_component>
      <object_component id="oc-d1">
         <name>.debug_info</name>
         <load_address>0x9d1f</load_address>
         <run_address>0x9d1f</run_address>
         <size>0x39</size>
         <input_file_ref idref="fl-d1"/>
      </object_component>
      <object_component id="oc-d6">
         <name>.debug_info</name>
         <load_address>0x9d58</load_address>
         <run_address>0x9d58</run_address>
         <size>0xcd</size>
         <input_file_ref idref="fl-d1"/>
      </object_component>
      <object_component id="oc-cd">
         <name>.debug_info</name>
         <load_address>0x9e25</load_address>
         <run_address>0x9e25</run_address>
         <size>0x1e1</size>
         <input_file_ref idref="fl-d2"/>
      </object_component>
      <object_component id="oc-a6">
         <name>.debug_info</name>
         <load_address>0xa006</load_address>
         <run_address>0xa006</run_address>
         <size>0x184</size>
         <input_file_ref idref="fl-d2"/>
      </object_component>
      <object_component id="oc-13f">
         <name>.debug_info</name>
         <load_address>0xa18a</load_address>
         <run_address>0xa18a</run_address>
         <size>0x2c</size>
         <input_file_ref idref="fl-d2"/>
      </object_component>
      <object_component id="oc-ab">
         <name>.debug_info</name>
         <load_address>0xa1b6</load_address>
         <run_address>0xa1b6</run_address>
         <size>0x146</size>
         <input_file_ref idref="fl-d3"/>
      </object_component>
      <object_component id="oc-209">
         <name>.debug_info</name>
         <load_address>0xa2fc</load_address>
         <run_address>0xa2fc</run_address>
         <size>0x9e</size>
      </object_component>
      <object_component id="oc-1a4">
         <name>.debug_line</name>
         <load_address>0x0</load_address>
         <run_address>0x0</run_address>
         <size>0xe7</size>
         <input_file_ref idref="fl-2"/>
      </object_component>
      <object_component id="oc-b7">
         <name>.debug_line</name>
         <load_address>0xe7</load_address>
         <run_address>0xe7</run_address>
         <size>0x96</size>
         <input_file_ref idref="fl-2"/>
      </object_component>
      <object_component id="oc-86">
         <name>.debug_line</name>
         <load_address>0x17d</load_address>
         <run_address>0x17d</run_address>
         <size>0x20</size>
         <input_file_ref idref="fl-2"/>
      </object_component>
      <object_component id="oc-8d">
         <name>.debug_line</name>
         <load_address>0x19d</load_address>
         <run_address>0x19d</run_address>
         <size>0x5f</size>
         <input_file_ref idref="fl-2"/>
      </object_component>
      <object_component id="oc-89">
         <name>.debug_line</name>
         <load_address>0x1fc</load_address>
         <run_address>0x1fc</run_address>
         <size>0x79</size>
         <input_file_ref idref="fl-3"/>
      </object_component>
      <object_component id="oc-32">
         <name>.debug_line</name>
         <load_address>0x275</load_address>
         <run_address>0x275</run_address>
         <size>0x41</size>
         <input_file_ref idref="fl-3"/>
      </object_component>
      <object_component id="oc-30">
         <name>.debug_line</name>
         <load_address>0x2b6</load_address>
         <run_address>0x2b6</run_address>
         <size>0xbd</size>
         <input_file_ref idref="fl-3"/>
      </object_component>
      <object_component id="oc-1d5">
         <name>.debug_line</name>
         <load_address>0x373</load_address>
         <run_address>0x373</run_address>
         <size>0xc9</size>
         <input_file_ref idref="fl-4"/>
      </object_component>
      <object_component id="oc-1d1">
         <name>.debug_line</name>
         <load_address>0x43c</load_address>
         <run_address>0x43c</run_address>
         <size>0x2f</size>
         <input_file_ref idref="fl-4"/>
      </object_component>
      <object_component id="oc-1d3">
         <name>.debug_line</name>
         <load_address>0x46b</load_address>
         <run_address>0x46b</run_address>
         <size>0x2f</size>
         <input_file_ref idref="fl-4"/>
      </object_component>
      <object_component id="oc-11b">
         <name>.debug_line</name>
         <load_address>0x49a</load_address>
         <run_address>0x49a</run_address>
         <size>0x400</size>
         <input_file_ref idref="fl-4"/>
      </object_component>
      <object_component id="oc-ca">
         <name>.debug_line</name>
         <load_address>0x89a</load_address>
         <run_address>0x89a</run_address>
         <size>0x20</size>
         <input_file_ref idref="fl-4"/>
      </object_component>
      <object_component id="oc-9d">
         <name>.debug_line</name>
         <load_address>0x8ba</load_address>
         <run_address>0x8ba</run_address>
         <size>0x5f</size>
         <input_file_ref idref="fl-4"/>
      </object_component>
      <object_component id="oc-13c">
         <name>.debug_line</name>
         <load_address>0x919</load_address>
         <run_address>0x919</run_address>
         <size>0x82</size>
         <input_file_ref idref="fl-a"/>
      </object_component>
      <object_component id="oc-1b2">
         <name>.debug_line</name>
         <load_address>0x99b</load_address>
         <run_address>0x99b</run_address>
         <size>0x7d</size>
         <input_file_ref idref="fl-a"/>
      </object_component>
      <object_component id="oc-7f">
         <name>.debug_line</name>
         <load_address>0xa18</load_address>
         <run_address>0xa18</run_address>
         <size>0x92</size>
         <input_file_ref idref="fl-a"/>
      </object_component>
      <object_component id="oc-152">
         <name>.debug_line</name>
         <load_address>0xaaa</load_address>
         <run_address>0xaaa</run_address>
         <size>0x95</size>
         <input_file_ref idref="fl-a"/>
      </object_component>
      <object_component id="oc-158">
         <name>.debug_line</name>
         <load_address>0xb3f</load_address>
         <run_address>0xb3f</run_address>
         <size>0xd1</size>
         <input_file_ref idref="fl-a"/>
      </object_component>
      <object_component id="oc-fd">
         <name>.debug_line</name>
         <load_address>0xc10</load_address>
         <run_address>0xc10</run_address>
         <size>0x93</size>
         <input_file_ref idref="fl-a"/>
      </object_component>
      <object_component id="oc-181">
         <name>.debug_line</name>
         <load_address>0xca3</load_address>
         <run_address>0xca3</run_address>
         <size>0x93</size>
         <input_file_ref idref="fl-a"/>
      </object_component>
      <object_component id="oc-17b">
         <name>.debug_line</name>
         <load_address>0xd36</load_address>
         <run_address>0xd36</run_address>
         <size>0x99</size>
         <input_file_ref idref="fl-a"/>
      </object_component>
      <object_component id="oc-f7">
         <name>.debug_line</name>
         <load_address>0xdcf</load_address>
         <run_address>0xdcf</run_address>
         <size>0xa7</size>
         <input_file_ref idref="fl-a"/>
      </object_component>
      <object_component id="oc-1dd">
         <name>.debug_line</name>
         <load_address>0xe76</load_address>
         <run_address>0xe76</run_address>
         <size>0x7c</size>
         <input_file_ref idref="fl-b"/>
      </object_component>
      <object_component id="oc-1df">
         <name>.debug_line</name>
         <load_address>0xef2</load_address>
         <run_address>0xef2</run_address>
         <size>0x82</size>
         <input_file_ref idref="fl-b"/>
      </object_component>
      <object_component id="oc-1db">
         <name>.debug_line</name>
         <load_address>0xf74</load_address>
         <run_address>0xf74</run_address>
         <size>0x82</size>
         <input_file_ref idref="fl-b"/>
      </object_component>
      <object_component id="oc-166">
         <name>.debug_line</name>
         <load_address>0xff6</load_address>
         <run_address>0xff6</run_address>
         <size>0xaf</size>
         <input_file_ref idref="fl-b"/>
      </object_component>
      <object_component id="oc-16c">
         <name>.debug_line</name>
         <load_address>0x10a5</load_address>
         <run_address>0x10a5</run_address>
         <size>0xc2</size>
         <input_file_ref idref="fl-b"/>
      </object_component>
      <object_component id="oc-1e3">
         <name>.debug_line</name>
         <load_address>0x1167</load_address>
         <run_address>0x1167</run_address>
         <size>0x82</size>
         <input_file_ref idref="fl-c"/>
      </object_component>
      <object_component id="oc-18a">
         <name>.debug_line</name>
         <load_address>0x11e9</load_address>
         <run_address>0x11e9</run_address>
         <size>0x91</size>
         <input_file_ref idref="fl-c"/>
      </object_component>
      <object_component id="oc-190">
         <name>.debug_line</name>
         <load_address>0x127a</load_address>
         <run_address>0x127a</run_address>
         <size>0x94</size>
         <input_file_ref idref="fl-c"/>
      </object_component>
      <object_component id="oc-184">
         <name>.debug_line</name>
         <load_address>0x130e</load_address>
         <run_address>0x130e</run_address>
         <size>0xa3</size>
         <input_file_ref idref="fl-c"/>
      </object_component>
      <object_component id="oc-196">
         <name>.debug_line</name>
         <load_address>0x13b1</load_address>
         <run_address>0x13b1</run_address>
         <size>0x91</size>
         <input_file_ref idref="fl-c"/>
      </object_component>
      <object_component id="oc-1ab">
         <name>.debug_line</name>
         <load_address>0x1442</load_address>
         <run_address>0x1442</run_address>
         <size>0x13d</size>
         <input_file_ref idref="fl-d"/>
      </object_component>
      <object_component id="oc-1e1">
         <name>.debug_line</name>
         <load_address>0x157f</load_address>
         <run_address>0x157f</run_address>
         <size>0x7f</size>
         <input_file_ref idref="fl-d"/>
      </object_component>
      <object_component id="oc-f1">
         <name>.debug_line</name>
         <load_address>0x15fe</load_address>
         <run_address>0x15fe</run_address>
         <size>0x94</size>
         <input_file_ref idref="fl-d"/>
      </object_component>
      <object_component id="oc-eb">
         <name>.debug_line</name>
         <load_address>0x1692</load_address>
         <run_address>0x1692</run_address>
         <size>0xee</size>
         <input_file_ref idref="fl-d"/>
      </object_component>
      <object_component id="oc-175">
         <name>.debug_line</name>
         <load_address>0x1780</load_address>
         <run_address>0x1780</run_address>
         <size>0x11a</size>
         <input_file_ref idref="fl-d"/>
      </object_component>
      <object_component id="oc-1af">
         <name>.debug_line</name>
         <load_address>0x189a</load_address>
         <run_address>0x189a</run_address>
         <size>0x7f</size>
         <input_file_ref idref="fl-d"/>
      </object_component>
      <object_component id="oc-1a9">
         <name>.debug_line</name>
         <load_address>0x1919</load_address>
         <run_address>0x1919</run_address>
         <size>0x82</size>
         <input_file_ref idref="fl-e"/>
      </object_component>
      <object_component id="oc-1d7">
         <name>.debug_line</name>
         <load_address>0x199b</load_address>
         <run_address>0x199b</run_address>
         <size>0x7e</size>
         <input_file_ref idref="fl-e"/>
      </object_component>
      <object_component id="oc-1d9">
         <name>.debug_line</name>
         <load_address>0x1a19</load_address>
         <run_address>0x1a19</run_address>
         <size>0x7e</size>
         <input_file_ref idref="fl-e"/>
      </object_component>
      <object_component id="oc-e5">
         <name>.debug_line</name>
         <load_address>0x1a97</load_address>
         <run_address>0x1a97</run_address>
         <size>0x93</size>
         <input_file_ref idref="fl-e"/>
      </object_component>
      <object_component id="oc-160">
         <name>.debug_line</name>
         <load_address>0x1b2a</load_address>
         <run_address>0x1b2a</run_address>
         <size>0xaf</size>
         <input_file_ref idref="fl-e"/>
      </object_component>
      <object_component id="oc-10a">
         <name>.debug_line</name>
         <load_address>0x1bd9</load_address>
         <run_address>0x1bd9</run_address>
         <size>0x9a</size>
         <input_file_ref idref="fl-e"/>
      </object_component>
      <object_component id="oc-110">
         <name>.debug_line</name>
         <load_address>0x1c73</load_address>
         <run_address>0x1c73</run_address>
         <size>0x93</size>
         <input_file_ref idref="fl-e"/>
      </object_component>
      <object_component id="oc-e0">
         <name>.debug_line</name>
         <load_address>0x1d06</load_address>
         <run_address>0x1d06</run_address>
         <size>0x93</size>
         <input_file_ref idref="fl-e"/>
      </object_component>
      <object_component id="oc-116">
         <name>.debug_line</name>
         <load_address>0x1d99</load_address>
         <run_address>0x1d99</run_address>
         <size>0x93</size>
         <input_file_ref idref="fl-e"/>
      </object_component>
      <object_component id="oc-104">
         <name>.debug_line</name>
         <load_address>0x1e2c</load_address>
         <run_address>0x1e2c</run_address>
         <size>0xb7</size>
         <input_file_ref idref="fl-e"/>
      </object_component>
      <object_component id="oc-25">
         <name>.debug_line</name>
         <load_address>0x1ee3</load_address>
         <run_address>0x1ee3</run_address>
         <size>0x53</size>
         <input_file_ref idref="fl-c5"/>
      </object_component>
      <object_component id="oc-96">
         <name>.debug_line</name>
         <load_address>0x1f36</load_address>
         <run_address>0x1f36</run_address>
         <size>0x8a</size>
         <input_file_ref idref="fl-c6"/>
      </object_component>
      <object_component id="oc-14">
         <name>.debug_line</name>
         <load_address>0x1fc0</load_address>
         <run_address>0x1fc0</run_address>
         <size>0x55</size>
         <input_file_ref idref="fl-c6"/>
      </object_component>
      <object_component id="oc-3d">
         <name>.debug_line</name>
         <load_address>0x2015</load_address>
         <run_address>0x2015</run_address>
         <size>0x3a</size>
         <input_file_ref idref="fl-c6"/>
      </object_component>
      <object_component id="oc-93">
         <name>.debug_line</name>
         <load_address>0x204f</load_address>
         <run_address>0x204f</run_address>
         <size>0x8a</size>
         <input_file_ref idref="fl-c6"/>
      </object_component>
      <object_component id="oc-99">
         <name>.debug_line</name>
         <load_address>0x20d9</load_address>
         <run_address>0x20d9</run_address>
         <size>0x8a</size>
         <input_file_ref idref="fl-c7"/>
      </object_component>
      <object_component id="oc-45">
         <name>.debug_line</name>
         <load_address>0x2163</load_address>
         <run_address>0x2163</run_address>
         <size>0x98</size>
         <input_file_ref idref="fl-c7"/>
      </object_component>
      <object_component id="oc-1d">
         <name>.debug_line</name>
         <load_address>0x21fb</load_address>
         <run_address>0x21fb</run_address>
         <size>0x4b</size>
         <input_file_ref idref="fl-c7"/>
      </object_component>
      <object_component id="oc-4b">
         <name>.debug_line</name>
         <load_address>0x2246</load_address>
         <run_address>0x2246</run_address>
         <size>0x39</size>
         <input_file_ref idref="fl-c7"/>
      </object_component>
      <object_component id="oc-13a">
         <name>.debug_line</name>
         <load_address>0x227f</load_address>
         <run_address>0x227f</run_address>
         <size>0xf2</size>
         <input_file_ref idref="fl-c9"/>
      </object_component>
      <object_component id="oc-12e">
         <name>.debug_line</name>
         <load_address>0x2371</load_address>
         <run_address>0x2371</run_address>
         <size>0x2a</size>
         <input_file_ref idref="fl-c9"/>
      </object_component>
      <object_component id="oc-75">
         <name>.debug_line</name>
         <load_address>0x239b</load_address>
         <run_address>0x239b</run_address>
         <size>0x86</size>
         <input_file_ref idref="fl-c9"/>
      </object_component>
      <object_component id="oc-35">
         <name>.debug_line</name>
         <load_address>0x2421</load_address>
         <run_address>0x2421</run_address>
         <size>0x88</size>
         <input_file_ref idref="fl-ca"/>
      </object_component>
      <object_component id="oc-4e">
         <name>.debug_line</name>
         <load_address>0x24a9</load_address>
         <run_address>0x24a9</run_address>
         <size>0x79</size>
         <input_file_ref idref="fl-cb"/>
      </object_component>
      <object_component id="oc-5d">
         <name>.debug_line</name>
         <load_address>0x2522</load_address>
         <run_address>0x2522</run_address>
         <size>0x3d</size>
         <input_file_ref idref="fl-cc"/>
      </object_component>
      <object_component id="oc-61">
         <name>.debug_line</name>
         <load_address>0x255f</load_address>
         <run_address>0x255f</run_address>
         <size>0x40</size>
         <input_file_ref idref="fl-cd"/>
      </object_component>
      <object_component id="oc-c4">
         <name>.debug_line</name>
         <load_address>0x259f</load_address>
         <run_address>0x259f</run_address>
         <size>0x33</size>
         <input_file_ref idref="fl-ce"/>
      </object_component>
      <object_component id="oc-1a7">
         <name>.debug_line</name>
         <load_address>0x25d2</load_address>
         <run_address>0x25d2</run_address>
         <size>0x20</size>
         <input_file_ref idref="fl-cf"/>
      </object_component>
      <object_component id="oc-136">
         <name>.debug_line</name>
         <load_address>0x25f2</load_address>
         <run_address>0x25f2</run_address>
         <size>0x2b</size>
         <input_file_ref idref="fl-cf"/>
      </object_component>
      <object_component id="oc-133">
         <name>.debug_line</name>
         <load_address>0x261d</load_address>
         <run_address>0x261d</run_address>
         <size>0x68</size>
         <input_file_ref idref="fl-cf"/>
      </object_component>
      <object_component id="oc-127">
         <name>.debug_line</name>
         <load_address>0x2685</load_address>
         <run_address>0x2685</run_address>
         <size>0x2b</size>
         <input_file_ref idref="fl-d0"/>
      </object_component>
      <object_component id="oc-70">
         <name>.debug_line</name>
         <load_address>0x26b0</load_address>
         <run_address>0x26b0</run_address>
         <size>0x50</size>
         <input_file_ref idref="fl-d0"/>
      </object_component>
      <object_component id="oc-12b">
         <name>.debug_line</name>
         <load_address>0x2700</load_address>
         <run_address>0x2700</run_address>
         <size>0x2b</size>
         <input_file_ref idref="fl-d0"/>
      </object_component>
      <object_component id="oc-d0">
         <name>.debug_line</name>
         <load_address>0x272b</load_address>
         <run_address>0x272b</run_address>
         <size>0xa9</size>
         <input_file_ref idref="fl-d1"/>
      </object_component>
      <object_component id="oc-66">
         <name>.debug_line</name>
         <load_address>0x27d4</load_address>
         <run_address>0x27d4</run_address>
         <size>0x8b</size>
         <input_file_ref idref="fl-d1"/>
      </object_component>
      <object_component id="oc-d4">
         <name>.debug_line</name>
         <load_address>0x285f</load_address>
         <run_address>0x285f</run_address>
         <size>0x2e</size>
         <input_file_ref idref="fl-d1"/>
      </object_component>
      <object_component id="oc-d9">
         <name>.debug_line</name>
         <load_address>0x288d</load_address>
         <run_address>0x288d</run_address>
         <size>0x8b</size>
         <input_file_ref idref="fl-d1"/>
      </object_component>
      <object_component id="oc-13e">
         <name>.debug_line</name>
         <load_address>0x2918</load_address>
         <run_address>0x2918</run_address>
         <size>0x98</size>
         <input_file_ref idref="fl-d2"/>
      </object_component>
      <object_component id="oc-a9">
         <name>.debug_line</name>
         <load_address>0x29b0</load_address>
         <run_address>0x29b0</run_address>
         <size>0x68</size>
         <input_file_ref idref="fl-d2"/>
      </object_component>
      <object_component id="oc-142">
         <name>.debug_line</name>
         <load_address>0x2a18</load_address>
         <run_address>0x2a18</run_address>
         <size>0x2e</size>
         <input_file_ref idref="fl-d2"/>
      </object_component>
      <object_component id="oc-af">
         <name>.debug_line</name>
         <load_address>0x2a46</load_address>
         <run_address>0x2a46</run_address>
         <size>0x3c</size>
         <input_file_ref idref="fl-d3"/>
      </object_component>
      <object_component id="oc-b6">
         <name>.debug_frame</name>
         <load_address>0x0</load_address>
         <run_address>0x0</run_address>
         <size>0xa3</size>
         <input_file_ref idref="fl-2"/>
      </object_component>
      <object_component id="oc-2c">
         <name>.debug_frame</name>
         <load_address>0xa3</load_address>
         <run_address>0xa3</run_address>
         <size>0xca</size>
         <input_file_ref idref="fl-3"/>
      </object_component>
      <object_component id="oc-11c">
         <name>.debug_frame</name>
         <load_address>0x16d</load_address>
         <run_address>0x16d</run_address>
         <size>0x2bd</size>
         <input_file_ref idref="fl-4"/>
      </object_component>
      <object_component id="oc-80">
         <name>.debug_frame</name>
         <load_address>0x42a</load_address>
         <run_address>0x42a</run_address>
         <size>0x7f</size>
         <input_file_ref idref="fl-a"/>
      </object_component>
      <object_component id="oc-153">
         <name>.debug_frame</name>
         <load_address>0x4a9</load_address>
         <run_address>0x4a9</run_address>
         <size>0x7f</size>
         <input_file_ref idref="fl-a"/>
      </object_component>
      <object_component id="oc-159">
         <name>.debug_frame</name>
         <load_address>0x528</load_address>
         <run_address>0x528</run_address>
         <size>0x8f</size>
         <input_file_ref idref="fl-a"/>
      </object_component>
      <object_component id="oc-fe">
         <name>.debug_frame</name>
         <load_address>0x5b7</load_address>
         <run_address>0x5b7</run_address>
         <size>0x86</size>
         <input_file_ref idref="fl-a"/>
      </object_component>
      <object_component id="oc-182">
         <name>.debug_frame</name>
         <load_address>0x63d</load_address>
         <run_address>0x63d</run_address>
         <size>0x86</size>
         <input_file_ref idref="fl-a"/>
      </object_component>
      <object_component id="oc-17c">
         <name>.debug_frame</name>
         <load_address>0x6c3</load_address>
         <run_address>0x6c3</run_address>
         <size>0x8a</size>
         <input_file_ref idref="fl-a"/>
      </object_component>
      <object_component id="oc-f8">
         <name>.debug_frame</name>
         <load_address>0x74d</load_address>
         <run_address>0x74d</run_address>
         <size>0x86</size>
         <input_file_ref idref="fl-a"/>
      </object_component>
      <object_component id="oc-167">
         <name>.debug_frame</name>
         <load_address>0x7d3</load_address>
         <run_address>0x7d3</run_address>
         <size>0x8e</size>
         <input_file_ref idref="fl-b"/>
      </object_component>
      <object_component id="oc-16d">
         <name>.debug_frame</name>
         <load_address>0x861</load_address>
         <run_address>0x861</run_address>
         <size>0x7f</size>
         <input_file_ref idref="fl-b"/>
      </object_component>
      <object_component id="oc-18e">
         <name>.debug_frame</name>
         <load_address>0x8e0</load_address>
         <run_address>0x8e0</run_address>
         <size>0x7f</size>
         <input_file_ref idref="fl-c"/>
      </object_component>
      <object_component id="oc-194">
         <name>.debug_frame</name>
         <load_address>0x95f</load_address>
         <run_address>0x95f</run_address>
         <size>0x7f</size>
         <input_file_ref idref="fl-c"/>
      </object_component>
      <object_component id="oc-188">
         <name>.debug_frame</name>
         <load_address>0x9de</load_address>
         <run_address>0x9de</run_address>
         <size>0x86</size>
         <input_file_ref idref="fl-c"/>
      </object_component>
      <object_component id="oc-19a">
         <name>.debug_frame</name>
         <load_address>0xa64</load_address>
         <run_address>0xa64</run_address>
         <size>0x7f</size>
         <input_file_ref idref="fl-c"/>
      </object_component>
      <object_component id="oc-f2">
         <name>.debug_frame</name>
         <load_address>0xae3</load_address>
         <run_address>0xae3</run_address>
         <size>0x7f</size>
         <input_file_ref idref="fl-d"/>
      </object_component>
      <object_component id="oc-ec">
         <name>.debug_frame</name>
         <load_address>0xb62</load_address>
         <run_address>0xb62</run_address>
         <size>0x93</size>
         <input_file_ref idref="fl-d"/>
      </object_component>
      <object_component id="oc-176">
         <name>.debug_frame</name>
         <load_address>0xbf5</load_address>
         <run_address>0xbf5</run_address>
         <size>0x8e</size>
         <input_file_ref idref="fl-d"/>
      </object_component>
      <object_component id="oc-e6">
         <name>.debug_frame</name>
         <load_address>0xc83</load_address>
         <run_address>0xc83</run_address>
         <size>0x7f</size>
         <input_file_ref idref="fl-e"/>
      </object_component>
      <object_component id="oc-161">
         <name>.debug_frame</name>
         <load_address>0xd02</load_address>
         <run_address>0xd02</run_address>
         <size>0x8a</size>
         <input_file_ref idref="fl-e"/>
      </object_component>
      <object_component id="oc-106">
         <name>.debug_frame</name>
         <load_address>0xd8c</load_address>
         <run_address>0xd8c</run_address>
         <size>0x8a</size>
         <input_file_ref idref="fl-e"/>
      </object_component>
      <object_component id="oc-10c">
         <name>.debug_frame</name>
         <load_address>0xe16</load_address>
         <run_address>0xe16</run_address>
         <size>0x7f</size>
         <input_file_ref idref="fl-e"/>
      </object_component>
      <object_component id="oc-dc">
         <name>.debug_frame</name>
         <load_address>0xe95</load_address>
         <run_address>0xe95</run_address>
         <size>0x7f</size>
         <input_file_ref idref="fl-e"/>
      </object_component>
      <object_component id="oc-112">
         <name>.debug_frame</name>
         <load_address>0xf14</load_address>
         <run_address>0xf14</run_address>
         <size>0x7f</size>
         <input_file_ref idref="fl-e"/>
      </object_component>
      <object_component id="oc-100">
         <name>.debug_frame</name>
         <load_address>0xf93</load_address>
         <run_address>0xf93</run_address>
         <size>0x86</size>
         <input_file_ref idref="fl-e"/>
      </object_component>
      <object_component id="oc-15">
         <name>.debug_frame</name>
         <load_address>0x1019</load_address>
         <run_address>0x1019</run_address>
         <size>0x7f</size>
         <input_file_ref idref="fl-c6"/>
      </object_component>
      <object_component id="oc-41">
         <name>.debug_frame</name>
         <load_address>0x1098</load_address>
         <run_address>0x1098</run_address>
         <size>0x8e</size>
         <input_file_ref idref="fl-c7"/>
      </object_component>
      <object_component id="oc-1c">
         <name>.debug_frame</name>
         <load_address>0x1126</load_address>
         <run_address>0x1126</run_address>
         <size>0x7f</size>
         <input_file_ref idref="fl-c7"/>
      </object_component>
      <object_component id="oc-76">
         <name>.debug_frame</name>
         <load_address>0x11a5</load_address>
         <run_address>0x11a5</run_address>
         <size>0xb3</size>
         <input_file_ref idref="fl-c9"/>
      </object_component>
      <object_component id="oc-5e">
         <name>.debug_frame</name>
         <load_address>0x1258</load_address>
         <run_address>0x1258</run_address>
         <size>0x7f</size>
         <input_file_ref idref="fl-cc"/>
      </object_component>
      <object_component id="oc-64">
         <name>.debug_frame</name>
         <load_address>0x12d7</load_address>
         <run_address>0x12d7</run_address>
         <size>0x7f</size>
         <input_file_ref idref="fl-cd"/>
      </object_component>
      <object_component id="oc-134">
         <name>.debug_frame</name>
         <load_address>0x1356</load_address>
         <run_address>0x1356</run_address>
         <size>0xa1</size>
         <input_file_ref idref="fl-cf"/>
      </object_component>
      <object_component id="oc-6f">
         <name>.debug_frame</name>
         <load_address>0x13f7</load_address>
         <run_address>0x13f7</run_address>
         <size>0x7f</size>
         <input_file_ref idref="fl-d0"/>
      </object_component>
      <object_component id="oc-67">
         <name>.debug_frame</name>
         <load_address>0x1476</load_address>
         <run_address>0x1476</run_address>
         <size>0x8a</size>
         <input_file_ref idref="fl-d1"/>
      </object_component>
      <object_component id="oc-a5">
         <name>.debug_frame</name>
         <load_address>0x1500</load_address>
         <run_address>0x1500</run_address>
         <size>0x8e</size>
         <input_file_ref idref="fl-d2"/>
      </object_component>
      <object_component id="oc-ae">
         <name>.debug_frame</name>
         <load_address>0x158e</load_address>
         <run_address>0x158e</run_address>
         <size>0x7f</size>
         <input_file_ref idref="fl-d3"/>
      </object_component>
      <object_component id="oc-1a3">
         <name>.debug_abbrev</name>
         <load_address>0x0</load_address>
         <run_address>0x0</run_address>
         <size>0xaf</size>
         <input_file_ref idref="fl-2"/>
      </object_component>
      <object_component id="oc-125">
         <name>.debug_abbrev</name>
         <load_address>0xaf</load_address>
         <run_address>0xaf</run_address>
         <size>0xa6</size>
         <input_file_ref idref="fl-2"/>
      </object_component>
      <object_component id="oc-85">
         <name>.debug_abbrev</name>
         <load_address>0x155</load_address>
         <run_address>0x155</run_address>
         <size>0x1f</size>
         <input_file_ref idref="fl-2"/>
      </object_component>
      <object_component id="oc-8c">
         <name>.debug_abbrev</name>
         <load_address>0x174</load_address>
         <run_address>0x174</run_address>
         <size>0x35</size>
         <input_file_ref idref="fl-2"/>
      </object_component>
      <object_component id="oc-88">
         <name>.debug_abbrev</name>
         <load_address>0x1a9</load_address>
         <run_address>0x1a9</run_address>
         <size>0x71</size>
         <input_file_ref idref="fl-3"/>
      </object_component>
      <object_component id="oc-31">
         <name>.debug_abbrev</name>
         <load_address>0x21a</load_address>
         <run_address>0x21a</run_address>
         <size>0x29</size>
         <input_file_ref idref="fl-3"/>
      </object_component>
      <object_component id="oc-82">
         <name>.debug_abbrev</name>
         <load_address>0x243</load_address>
         <run_address>0x243</run_address>
         <size>0xc0</size>
         <input_file_ref idref="fl-3"/>
      </object_component>
      <object_component id="oc-1d4">
         <name>.debug_abbrev</name>
         <load_address>0x303</load_address>
         <run_address>0x303</run_address>
         <size>0xa5</size>
         <input_file_ref idref="fl-4"/>
      </object_component>
      <object_component id="oc-1d0">
         <name>.debug_abbrev</name>
         <load_address>0x3a8</load_address>
         <run_address>0x3a8</run_address>
         <size>0x29</size>
         <input_file_ref idref="fl-4"/>
      </object_component>
      <object_component id="oc-1d2">
         <name>.debug_abbrev</name>
         <load_address>0x3d1</load_address>
         <run_address>0x3d1</run_address>
         <size>0x29</size>
         <input_file_ref idref="fl-4"/>
      </object_component>
      <object_component id="oc-1a1">
         <name>.debug_abbrev</name>
         <load_address>0x3fa</load_address>
         <run_address>0x3fa</run_address>
         <size>0xd2</size>
         <input_file_ref idref="fl-4"/>
      </object_component>
      <object_component id="oc-c9">
         <name>.debug_abbrev</name>
         <load_address>0x4cc</load_address>
         <run_address>0x4cc</run_address>
         <size>0x1f</size>
         <input_file_ref idref="fl-4"/>
      </object_component>
      <object_component id="oc-9c">
         <name>.debug_abbrev</name>
         <load_address>0x4eb</load_address>
         <run_address>0x4eb</run_address>
         <size>0x24</size>
         <input_file_ref idref="fl-4"/>
      </object_component>
      <object_component id="oc-13b">
         <name>.debug_abbrev</name>
         <load_address>0x50f</load_address>
         <run_address>0x50f</run_address>
         <size>0x72</size>
         <input_file_ref idref="fl-a"/>
      </object_component>
      <object_component id="oc-1b1">
         <name>.debug_abbrev</name>
         <load_address>0x581</load_address>
         <run_address>0x581</run_address>
         <size>0x27</size>
         <input_file_ref idref="fl-a"/>
      </object_component>
      <object_component id="oc-c5">
         <name>.debug_abbrev</name>
         <load_address>0x5a8</load_address>
         <run_address>0x5a8</run_address>
         <size>0x6c</size>
         <input_file_ref idref="fl-a"/>
      </object_component>
      <object_component id="oc-1b3">
         <name>.debug_abbrev</name>
         <load_address>0x614</load_address>
         <run_address>0x614</run_address>
         <size>0x6c</size>
         <input_file_ref idref="fl-a"/>
      </object_component>
      <object_component id="oc-1b4">
         <name>.debug_abbrev</name>
         <load_address>0x680</load_address>
         <run_address>0x680</run_address>
         <size>0x6c</size>
         <input_file_ref idref="fl-a"/>
      </object_component>
      <object_component id="oc-15a">
         <name>.debug_abbrev</name>
         <load_address>0x6ec</load_address>
         <run_address>0x6ec</run_address>
         <size>0x6c</size>
         <input_file_ref idref="fl-a"/>
      </object_component>
      <object_component id="oc-1ca">
         <name>.debug_abbrev</name>
         <load_address>0x758</load_address>
         <run_address>0x758</run_address>
         <size>0x6c</size>
         <input_file_ref idref="fl-a"/>
      </object_component>
      <object_component id="oc-1c9">
         <name>.debug_abbrev</name>
         <load_address>0x7c4</load_address>
         <run_address>0x7c4</run_address>
         <size>0x7a</size>
         <input_file_ref idref="fl-a"/>
      </object_component>
      <object_component id="oc-14d">
         <name>.debug_abbrev</name>
         <load_address>0x83e</load_address>
         <run_address>0x83e</run_address>
         <size>0x6c</size>
         <input_file_ref idref="fl-a"/>
      </object_component>
      <object_component id="oc-1dc">
         <name>.debug_abbrev</name>
         <load_address>0x8aa</load_address>
         <run_address>0x8aa</run_address>
         <size>0x8e</size>
         <input_file_ref idref="fl-b"/>
      </object_component>
      <object_component id="oc-1de">
         <name>.debug_abbrev</name>
         <load_address>0x938</load_address>
         <run_address>0x938</run_address>
         <size>0x27</size>
         <input_file_ref idref="fl-b"/>
      </object_component>
      <object_component id="oc-1da">
         <name>.debug_abbrev</name>
         <load_address>0x95f</load_address>
         <run_address>0x95f</run_address>
         <size>0x29</size>
         <input_file_ref idref="fl-b"/>
      </object_component>
      <object_component id="oc-1bf">
         <name>.debug_abbrev</name>
         <load_address>0x988</load_address>
         <run_address>0x988</run_address>
         <size>0x6c</size>
         <input_file_ref idref="fl-b"/>
      </object_component>
      <object_component id="oc-1c4">
         <name>.debug_abbrev</name>
         <load_address>0x9f4</load_address>
         <run_address>0x9f4</run_address>
         <size>0x6c</size>
         <input_file_ref idref="fl-b"/>
      </object_component>
      <object_component id="oc-1e2">
         <name>.debug_abbrev</name>
         <load_address>0xa60</load_address>
         <run_address>0xa60</run_address>
         <size>0x72</size>
         <input_file_ref idref="fl-c"/>
      </object_component>
      <object_component id="oc-1cd">
         <name>.debug_abbrev</name>
         <load_address>0xad2</load_address>
         <run_address>0xad2</run_address>
         <size>0x6c</size>
         <input_file_ref idref="fl-c"/>
      </object_component>
      <object_component id="oc-1ce">
         <name>.debug_abbrev</name>
         <load_address>0xb3e</load_address>
         <run_address>0xb3e</run_address>
         <size>0x6c</size>
         <input_file_ref idref="fl-c"/>
      </object_component>
      <object_component id="oc-1cb">
         <name>.debug_abbrev</name>
         <load_address>0xbaa</load_address>
         <run_address>0xbaa</run_address>
         <size>0x6c</size>
         <input_file_ref idref="fl-c"/>
      </object_component>
      <object_component id="oc-1cf">
         <name>.debug_abbrev</name>
         <load_address>0xc16</load_address>
         <run_address>0xc16</run_address>
         <size>0x6e</size>
         <input_file_ref idref="fl-c"/>
      </object_component>
      <object_component id="oc-1aa">
         <name>.debug_abbrev</name>
         <load_address>0xc84</load_address>
         <run_address>0xc84</run_address>
         <size>0xb0</size>
         <input_file_ref idref="fl-d"/>
      </object_component>
      <object_component id="oc-1e0">
         <name>.debug_abbrev</name>
[...]
         </contents>
      </load_segment>
   </logical_group_list>
   <placement_map>
      <memory_area display="yes" color="green">
         <name>FLASH</name>
         <page_id>0x0</page_id>
         <origin>0x0</origin>
         <length>0x40000</length>
         <used_space>0x1ae4</used_space>
         <unused_space>0x3e51c</unused_space>
         <attributes>RX</attributes>
         <usage_details>
            <allocated_space>
               <start_address>0x0</start_address>
               <size>0x26c</size>
               <logical_group_ref idref="lg-3"/>
            </allocated_space>
            <allocated_space>
               <start_address>0x26c</start_address>
               <size>0x1180</size>
               <logical_group_ref idref="lg-4"/>
            </allocated_space>
            <allocated_space>
               <start_address>0x13ec</start_address>
               <size>0x20c</size>
               <logical_group_ref idref="lg-5"/>
            </allocated_space>
            <allocated_space>
               <start_address>0x15f8</start_address>
               <size>0x4ec</size>
               <logical_group_ref idref="lg-6"/>
            </allocated_space>
            <available_space>
               <start_address>0x1ae4</start_address>
               <size>0x3e51c</size>
            </available_space>
         </usage_details>
      </memory_area>
      <memory_area display="yes" color="green">
         <name>SRAM</name>
         <page_id>0x0</page_id>
         <origin>0x20000000</origin>
         <length>0x8000</length>
         <used_space>0xa8a</used_space>
         <unused_space>0x7576</unused_space>
         <attributes>RWX</attributes>
         <usage_details>
            <allocated_space>
               <start_address>0x20000000</start_address>
               <size>0x26c</size>
               <logical_group_ref idref="lg-9"/>
            </allocated_space>
            <allocated_space>
               <start_address>0x2000026c</start_address>
               <size>0x609</size>
               <logical_group_ref idref="lg-a"/>
            </allocated_space>
            <available_space>
               <start_address>0x20000875</start_address>
               <size>0x3</size>
            </available_space>
            <allocated_space>
               <start_address>0x20000878</start_address>
               <size>0x200</size>
               <logical_group_ref idref="lg-d"/>
            </allocated_space>
            <allocated_space>
               <start_address>0x20000a78</start_address>
               <size>0x15</size>
               <logical_group_ref idref="lg-b"/>
            </allocated_space>
            <available_space>
               <start_address>0x20000a8d</start_address>
               <size>0x7573</size>
            </available_space>
         </usage_details>
      </memory_area>
   </placement_map>
   <cptbl_list>
      <cptbl>
         <name>__TI_cinit_table</name>
         <cprec>
            <name>.data</name>
            <load_address>0x15f8</load_address>
            <load_size>0x4b0</load_size>
            <run_address>0x2000026c</run_address>
            <run_size>0x609</run_size>
            <compression>rle</compression>
         </cprec>
         <cprec>
            <name>.vtable</name>
            <load_address>0x1aa8</load_address>
            <load_size>0xb</load_size>
            <run_address>0x20000000</run_address>
            <run_size>0x26c</run_size>
            <compression>rle</compression>
         </cprec>
         <cprec>
            <name>.bss</name>
            <load_address>0x1ab8</load_address>
            <load_size>0x9</load_size>
            <run_address>0x20000a78</run_address>
            <run_size>0x15</run_size>
            <compression>rle</compression>
         </cprec>
      </cptbl>
   </cptbl_list>
   <handler_table>
      <handler_table_name>__TI_handler_table</handler_table_name>
      <handler>
         <index>0x0</index>
         <name>__TI_decompress_rle24</name>
      </handler>
      <handler>
         <index>0x1</index>
         <name>__TI_decompress_none</name>
      </handler>
   </handler_table>
   <symbol_table>
      <symbol id="sm-1">
         <name>__STACK_TOP</name>
         <value>0x20000a78</value>
      </symbol>
      <symbol id="sm-2">
         <name>__TI_CINIT_Base</name>
         <value>0x1acc</value>
      </symbol>
      <symbol id="sm-3">
         <name>__TI_CINIT_Limit</name>
         <value>0x1ae4</value>
      </symbol>
      <symbol id="sm-4">
         <name>__TI_Handler_Table_Base</name>
         <value>0x1ac4</value>
      </symbol>
      <symbol id="sm-5">
         <name>__TI_Handler_Table_Limit</name>
         <value>0x1acc</value>
      </symbol>
      <symbol id="sm-6">
         <name>binit</name>
         <value>0xffffffff</value>
      </symbol>
      <symbol id="sm-7">
         <name>__binit__</name>
         <value>0xffffffff</value>
      </symbol>
      <symbol id="sm-8">
         <name>__STACK_SIZE</name>
         <value>0x200</value>
      </symbol>
      <symbol id="sm-9">
         <name>__STACK_END</name>
         <value>0x20000a78</value>
      </symbol>
      <symbol id="sm-a">
         <name>__c_args__</name>
         <value>0xffffffff</value>
      </symbol>
      <symbol id="sm-b">
         <name>__TI_pprof_out_hndl</name>
         <value>0xffffffff</value>
      </symbol>
      <symbol id="sm-c">
         <name>__TI_prof_data_start</name>
         <value>0xffffffff</value>
      </symbol>
      <symbol id="sm-d">
         <name>__TI_prof_data_size</name>
         <value>0xffffffff</value>
      </symbol>
      <symbol id="sm-53">
         <name>Temp1</name>
         <value>0x20000a78</value>
      </symbol>
      <symbol id="sm-54">
         <name>Temp2</name>
         <value>0x20000a7c</value>
      </symbol>
      <symbol id="sm-55">
         <name>temp1</name>
         <value>0x20000a84</value>
      </symbol>
      <symbol id="sm-56">
         <name>t</name>
         <value>0x20000a80</value>
      </symbol>
      <symbol id="sm-57">
         <name>tt</name>
         <value>0x20000a88</value>
      </symbol>
      <symbol id="sm-58">
         <name>main</name>
         <value>0x909</value>
         <object_component_ref idref="oc-b2"/>
      </symbol>
      <symbol id="sm-59">
         <name>Timer2IntHandler</name>
         <value>0x8d5</value>
         <object_component_ref idref="oc-b2"/>
      </symbol>
      <symbol id="sm-7e">
         <name>ResetISR</name>
         <value>0x11f9</value>
         <object_component_ref idref="oc-2b"/>
      </symbol>
      <symbol id="sm-7f">
         <name>g_pfnVectors</name>
         <value>0x0</value>
         <object_component_ref idref="oc-f"/>
      </symbol>
      <symbol id="sm-e6">
         <name>UC1701SegDirSet</name>
         <value>0x8a7</value>
         <object_component_ref idref="oc-117"/>
      </symbol>
      <symbol id="sm-e7">
         <name>UC1701Clear</name>
         <value>0x7cf</value>
         <object_component_ref idref="oc-117"/>
      </symbol>
      <symbol id="sm-e8">
         <name>UC1701Init</name>
         <value>0x287</value>
         <object_component_ref idref="oc-117"/>
      </symbol>
      <symbol id="sm-e9">
         <name>UC1701AddressSet</name>
         <value>0x419</value>
         <object_component_ref idref="oc-117"/>
      </symbol>
      <symbol id="sm-ea">
         <name>UC1701DataWrite</name>
         <value>0x337</value>
         <object_component_ref idref="oc-117"/>
      </symbol>
      <symbol id="sm-eb">
         <name>UC1701InverseDispaly</name>
         <value>0x525</value>
         <object_component_ref idref="oc-117"/>
      </symbol>
      <symbol id="sm-ec">
         <name>UC1701DoubleCmdWrite</name>
         <value>0x3bb</value>
         <object_component_ref idref="oc-117"/>
      </symbol>
      <symbol id="sm-ed">
         <name>UC1701PMSet</name>
         <value>0x881</value>
         <object_component_ref idref="oc-117"/>
      </symbol>
      <symbol id="sm-ee">
         <name>UC1701DisplayOff</name>
         <value>0x85f</value>
         <object_component_ref idref="oc-117"/>
      </symbol>
      <symbol id="sm-ef">
         <name>UC1701Dispaly</name>
         <value>0x45d</value>
         <object_component_ref idref="oc-117"/>
      </symbol>
      <symbol id="sm-f0">
         <name>UC1701ScrollLineSet</name>
         <value>0x869</value>
         <object_component_ref idref="oc-117"/>
      </symbol>
      <symbol id="sm-f1">
         <name>UC1701AllPixelOnEnable</name>
         <value>0x841</value>
         <object_component_ref idref="oc-117"/>
      </symbol>
      <symbol id="sm-f2">
         <name>UC1701CmdWrite</name>
         <value>0x379</value>
         <object_component_ref idref="oc-117"/>
      </symbol>
      <symbol id="sm-f3">
         <name>UC1701DisplayOn</name>
         <value>0x855</value>
         <object_component_ref idref="oc-117"/>
      </symbol>
      <symbol id="sm-f4">
         <name>UC1701ChineseDispaly</name>
         <value>0x649</value>
         <object_component_ref idref="oc-117"/>
      </symbol>
      <symbol id="sm-f5">
         <name>UC1701InverseDisable</name>
         <value>0x839</value>
         <object_component_ref idref="oc-117"/>
      </symbol>
      <symbol id="sm-f6">
         <name>UC1701DisplayN</name>
         <value>0x731</value>
         <object_component_ref idref="oc-117"/>
      </symbol>
      <symbol id="sm-f7">
         <name>UC1701BRSet</name>
         <value>0x893</value>
         <object_component_ref idref="oc-117"/>
      </symbol>
      <symbol id="sm-f8">
         <name>UC1701ComDirSet</name>
         <value>0x8bb</value>
         <object_component_ref idref="oc-117"/>
      </symbol>
      <symbol id="sm-f9">
         <name>UC1701InverseEnable</name>
         <value>0x831</value>
         <object_component_ref idref="oc-117"/>
      </symbol>
      <symbol id="sm-fa">
         <name>inverse_factor</name>
         <value>0x20000874</value>
         <object_component_ref idref="oc-19e"/>
      </symbol>
      <symbol id="sm-fb">
         <name>UC1701AllPixelOnDisable</name>
         <value>0x84b</value>
         <object_component_ref idref="oc-117"/>
      </symbol>
      <symbol id="sm-fc">
         <name>Ascii</name>
         <value>0x2000026c</value>
         <object_component_ref idref="oc-19b"/>
      </symbol>
      <symbol id="sm-fd">
         <name>UC1701CharDispaly</name>
         <value>0x5f5</value>
         <object_component_ref idref="oc-117"/>
      </symbol>
      <symbol id="sm-147">
         <name>GPIOPinConfigure</name>
         <value>0x11b1</value>
         <object_component_ref idref="oc-f3"/>
      </symbol>
      <symbol id="sm-148">
         <name>GPIOPinTypeGPIOOutput</name>
         <value>0x1307</value>
         <object_component_ref idref="oc-177"/>
      </symbol>
      <symbol id="sm-149">
         <name>GPIODirModeSet</name>
         <value>0x12dd</value>
         <object_component_ref idref="oc-14e"/>
      </symbol>
      <symbol id="sm-14a">
         <name>GPIOPinWrite</name>
         <value>0x13d3</value>
         <object_component_ref idref="oc-7b"/>
      </symbol>
      <symbol id="sm-14b">
         <name>GPIOPadConfigSet</name>
         <value>0xa7d</value>
         <object_component_ref idref="oc-154"/>
      </symbol>
      <symbol id="sm-14c">
         <name>GPIOPinTypeSSI</name>
         <value>0x1365</value>
         <object_component_ref idref="oc-17d"/>
      </symbol>
      <symbol id="sm-14d">
         <name>GPIOPinTypeTimer</name>
         <value>0x1377</value>
         <object_component_ref idref="oc-f9"/>
      </symbol>
      <symbol id="sm-186">
         <name>IntEnable</name>
         <value>0xfa9</value>
         <object_component_ref idref="oc-168"/>
      </symbol>
      <symbol id="sm-187">
         <name>IntRegister</name>
         <value>0x1275</value>
         <object_component_ref idref="oc-162"/>
      </symbol>
      <symbol id="sm-188">
         <name>g_pfnRAMVectors</name>
         <value>0x20000000</value>
         <object_component_ref idref="oc-1bc"/>
      </symbol>
      <symbol id="sm-1af">
         <name>SSIDataPut</name>
         <value>0x13a5</value>
         <object_component_ref idref="oc-18f"/>
      </symbol>
      <symbol id="sm-1b0">
         <name>SSIConfigSetExpClk</name>
         <value>0x1239</value>
         <object_component_ref idref="oc-183"/>
      </symbol>
      <symbol id="sm-1b1">
         <name>SSIEnable</name>
         <value>0x13af</value>
         <object_component_ref idref="oc-189"/>
      </symbol>
      <symbol id="sm-1b2">
         <name>SSIBusy</name>
         <value>0x13c3</value>
         <object_component_ref idref="oc-195"/>
      </symbol>
      <symbol id="sm-204">
         <name>SysCtlClockSet</name>
         <value>0xcc1</value>
         <object_component_ref idref="oc-e7"/>
      </symbol>
      <symbol id="sm-205">
         <name>SysCtlDelay</name>
         <value>0x13d9</value>
         <object_component_ref idref="oc-11d"/>
      </symbol>
      <symbol id="sm-206">
         <name>SysCtlPeripheralEnable</name>
         <value>0x12a9</value>
         <object_component_ref idref="oc-ed"/>
      </symbol>
      <symbol id="sm-207">
         <name>SysCtlClockGet</name>
         <value>0xbb1</value>
         <object_component_ref idref="oc-171"/>
      </symbol>
      <symbol id="sm-262">
         <name>TimerIntRegister</name>
         <value>0x131f</value>
         <object_component_ref idref="oc-105"/>
      </symbol>
      <symbol id="sm-263">
         <name>TimerEnable</name>
         <value>0x1389</value>
         <object_component_ref idref="oc-111"/>
      </symbol>
      <symbol id="sm-264">
         <name>TimerValueGet</name>
         <value>0x13b9</value>
         <object_component_ref idref="oc-e1"/>
      </symbol>
      <symbol id="sm-265">
         <name>TimerIntEnable</name>
         <value>0x13cb</value>
         <object_component_ref idref="oc-10b"/>
      </symbol>
      <symbol id="sm-266">
         <name>TimerConfigure</name>
         <value>0x1011</value>
         <object_component_ref idref="oc-ff"/>
      </symbol>
      <symbol id="sm-267">
         <name>TimerIntClear</name>
         <value>0x13e5</value>
         <object_component_ref idref="oc-db"/>
      </symbol>
      <symbol id="sm-279">
         <name>_c_int00</name>
         <value>0x1071</value>
         <object_component_ref idref="oc-24"/>
      </symbol>
      <symbol id="sm-27a">
         <name>__stack</name>
         <value>0x20000878</value>
         <object_component_ref idref="oc-2a"/>
      </symbol>
      <symbol id="sm-291">
         <name>__TI_decompress_none</name>
         <value>0x1397</value>
         <object_component_ref idref="oc-12"/>
      </symbol>
      <symbol id="sm-2b4">
         <name>__TI_decompress_rle24</name>
         <value>0x13df</value>
         <object_component_ref idref="oc-18"/>
      </symbol>
      <symbol id="sm-2d6">
         <name>C$$EXIT</name>
         <value>0x10c5</value>
         <object_component_ref idref="oc-71"/>
      </symbol>
      <symbol id="sm-2d7">
         <name>abort</name>
         <value>0x10c9</value>
         <object_component_ref idref="oc-71"/>
      </symbol>
      <symbol id="sm-2d8">
         <name>exit</name>
         <value>0x10d1</value>
         <object_component_ref idref="oc-71"/>
      </symbol>
      <symbol id="sm-2d9">
         <name>__TI_dtors_ptr</name>
         <value>0x20000860</value>
         <object_component_ref idref="oc-ba"/>
      </symbol>
      <symbol id="sm-2da">
         <name>__TI_cleanup_ptr</name>
         <value>0x2000085c</value>
         <object_component_ref idref="oc-ba"/>
      </symbol>
      <symbol id="sm-2db">
         <name>__TI_enable_exit_profile_output</name>
         <value>0x20000864</value>
         <object_component_ref idref="oc-ba"/>
      </symbol>
      <symbol id="sm-2f6">
         <name>memcpy</name>
         <value>0xdb5</value>
         <object_component_ref idref="oc-34"/>
      </symbol>
      <symbol id="sm-2f7">
         <name>__aeabi_memcpy</name>
         <value>0xdb5</value>
         <object_component_ref idref="oc-34"/>
      </symbol>
      <symbol id="sm-2f8">
         <name>__aeabi_memcpy8</name>
         <value>0xdb5</value>
         <object_component_ref idref="oc-34"/>
      </symbol>
      <symbol id="sm-2f9">
         <name>__aeabi_memcpy4</name>
         <value>0xdb5</value>
         <object_component_ref idref="oc-34"/>
      </symbol>
      <symbol id="sm-308">
         <name>__aeabi_memset</name>
         <value>0xe53</value>
         <object_component_ref idref="oc-4d"/>
      </symbol>
      <symbol id="sm-309">
         <name>memset</name>
         <value>0xe59</value>
         <object_component_ref idref="oc-4d"/>
      </symbol>
      <symbol id="sm-30a">
         <name>__aeabi_memset8</name>
         <value>0xe53</value>
         <object_component_ref idref="oc-4d"/>
      </symbol>
      <symbol id="sm-30b">
         <name>__aeabi_memset4</name>
         <value>0xe53</value>
         <object_component_ref idref="oc-4d"/>
      </symbol>
      <symbol id="sm-30c">
         <name>__aeabi_memclr8</name>
         <value>0xe51</value>
         <object_component_ref idref="oc-4d"/>
      </symbol>
      <symbol id="sm-30d">
         <name>__aeabi_memclr4</name>
         <value>0xe51</value>
         <object_component_ref idref="oc-4d"/>
      </symbol>
      <symbol id="sm-30e">
         <name>__aeabi_memclr</name>
         <value>0xe51</value>
         <object_component_ref idref="oc-4d"/>
      </symbol>
      <symbol id="sm-318">
         <name>__mpu_init</name>
         <value>0xbaf</value>
         <object_component_ref idref="oc-59"/>
      </symbol>
      <symbol id="sm-322">
         <name>_system_pre_init</name>
         <value>0x13e9</value>
         <object_component_ref idref="oc-5f"/>
      </symbol>
      <symbol id="sm-32a">
         <name>main_func_sp</name>
         <value>0x20000870</value>
         <object_component_ref idref="oc-77"/>
      </symbol>
      <symbol id="sm-343">
         <name>_nop</name>
         <value>0x135f</value>
         <object_component_ref idref="oc-12f"/>
      </symbol>
      <symbol id="sm-344">
         <name>_lock</name>
         <value>0x20000868</value>
         <object_component_ref idref="oc-bd"/>
      </symbol>
      <symbol id="sm-345">
         <name>_unlock</name>
         <value>0x2000086c</value>
         <object_component_ref idref="oc-bd"/>
      </symbol>
      <symbol id="sm-346">
         <name>_register_lock</name>
         <value>0x1357</value>
         <object_component_ref idref="oc-12f"/>
      </symbol>
      <symbol id="sm-347">
         <name>_register_unlock</name>
         <value>0x1351</value>
         <object_component_ref idref="oc-12f"/>
      </symbol>
      <symbol id="sm-35b">
         <name>_args_main</name>
         <value>0x1339</value>
         <object_component_ref idref="oc-6b"/>
      </symbol>
      <symbol id="sm-380">
         <name>__TI_auto_init</name>
         <value>0xecd</value>
         <object_component_ref idref="oc-65"/>
      </symbol>
      <symbol id="sm-39a">
         <name>copy_in</name>
         <value>0x1165</value>
         <object_component_ref idref="oc-a4"/>
      </symbol>
      <symbol id="sm-3a4">
         <name>_system_post_cinit</name>
         <value>0xecb</value>
         <object_component_ref idref="oc-aa"/>
      </symbol>
      <symbol id="sm-3a5">
         <name>__TI_static_base__</name>
         <value>0x0</value>
      </symbol>
      <symbol id="sm-3a8">
         <name>SHT$$INIT_ARRAY$$Limit</name>
         <value>0x0</value>
      </symbol>
      <symbol id="sm-3a9">
         <name>SHT$$INIT_ARRAY$$Base</name>
         <value>0x0</value>
      </symbol>
   </symbol_table>
   <title>Link successful</title>
</link_info>
