******************************************************************************
                  TI ARM Linker PC v15.12.3                    
******************************************************************************
>> Linked Thu Oct 17 22:03:05 2019

OUTPUT FILE NAME:   <Copy 7.out>
ENTRY POINT SYMBOL: "_c_int00"  address: 00001071


MEMORY CONFIGURATION

         name            origin    length      used     unused   attr    fill
----------------------  --------  ---------  --------  --------  ----  --------
  FLASH                 00000000   00040000  00001ae4  0003e51c  R  X
  SRAM                  20000000   00008000  00000a8a  00007576  RW X


SEGMENT ALLOCATION MAP

run origin  load origin   length   init length attrs members
----------  ----------- ---------- ----------- ----- -------
00000000    00000000    00001ae4   00001ae4    r-x
  00000000    00000000    0000026c   0000026c    r-- .intvecs
  0000026c    0000026c    00001180   00001180    r-x .text
  000013ec    000013ec    0000020c   0000020c    r-- .const
  000015f8    000015f8    000004ec   000004ec    r-- .cinit
20000000    20000000    00000a8d   00000000    rw-
  20000000    20000000    0000026c   00000000    rw- .vtable
  2000026c    2000026c    00000609   00000000    rw- .data
  20000878    20000878    00000200   00000000    rw- .stack
  20000a78    20000a78    00000015   00000000    rw- .bss


SECTION ALLOCATION MAP

 output                                  attributes/
section   page    origin      length       input sections
--------  ----  ----------  ----------   ----------------
.intvecs   0    00000000    0000026c     
                  00000000    0000026c     tm4c123gh6pm_startup_ccs.obj (.intvecs)

.text      0    0000026c    00001180     
                  0000026c    00000668     uc1701.obj (.text)
                  000008d4    000001a8     main.obj (.text)
                  00000a7c    00000132     driverlib.lib : gpio.obj (.text:GPIOPadConfigSet)
                  00000bae    00000002     rtsv7M4_T_le_v4SPD16_eabi.lib : mpu_init.obj (.text)
                  00000bb0    00000110     driverlib.lib : sysctl.obj (.text:SysCtlClockGet)
                  00000cc0    000000f4                   : sysctl.obj (.text:SysCtlClockSet)
                  00000db4    0000009c     rtsv7M4_T_le_v4SPD16_eabi.lib : memcpy_t2.obj (.text)
                  00000e50    0000007a                                   : memset_t2.obj (.text)
                  00000eca    00000002                                   : startup.obj (.text)
                  00000ecc    00000070                                   : autoinit.obj (.text)
                  00000f3c    0000006a                                   : copy_decompress_rle.obj (.text)
                  00000fa6    00000002     --HOLE-- [fill = 0]
                  00000fa8    00000068     driverlib.lib : interrupt.obj (.text:IntEnable)
                  00001010    00000060                   : timer.obj (.text:TimerConfigure)
                  00001070    00000054     rtsv7M4_T_le_v4SPD16_eabi.lib : boot.obj (.text)
                  000010c4    00000054                                   : exit.obj (.text)
                  00001118    0000004c     driverlib.lib : timer.obj (.text:_TimerIntNumberGet)
                  00001164    0000004c     rtsv7M4_T_le_v4SPD16_eabi.lib : cpy_tbl.obj (.text)
                  000011b0    00000048     driverlib.lib : gpio.obj (.text:GPIOPinConfigure)
                  000011f8    00000040     tm4c123gh6pm_startup_ccs.obj (.text)
                  00001238    0000003c     driverlib.lib : ssi.obj (.text:SSIConfigSetExpClk)
                  00001274    00000034                   : interrupt.obj (.text:IntRegister)
                  000012a8    00000034                   : sysctl.obj (.text:SysCtlPeripheralEnable)
                  000012dc    0000002a                   : gpio.obj (.text:GPIODirModeSet)
                  00001306    00000018                   : gpio.obj (.text:GPIOPinTypeGPIOOutput)
                  0000131e    00000018                   : timer.obj (.text:TimerIntRegister)
                  00001336    00000002     --HOLE-- [fill = 0]
                  00001338    00000018     rtsv7M4_T_le_v4SPD16_eabi.lib : args_main.obj (.text)
                  00001350    00000014                                   : _lock.obj (.text)
                  00001364    00000012     driverlib.lib : gpio.obj (.text:GPIOPinTypeSSI)
                  00001376    00000012                   : gpio.obj (.text:GPIOPinTypeTimer)
                  00001388    0000000e                   : timer.obj (.text:TimerEnable)
                  00001396    0000000e     rtsv7M4_T_le_v4SPD16_eabi.lib : copy_decompress_none.obj (.text:decompress:none)
                  000013a4    0000000a     driverlib.lib : ssi.obj (.text:SSIDataPut)
                  000013ae    0000000a                   : ssi.obj (.text:SSIEnable)
                  000013b8    0000000a                   : timer.obj (.text:TimerValueGet)
                  000013c2    00000008                   : ssi.obj (.text:SSIBusy)
                  000013ca    00000008                   : timer.obj (.text:TimerIntEnable)
                  000013d2    00000006                   : gpio.obj (.text:GPIOPinWrite)
                  000013d8    00000006                   : sysctl.obj (.text:SysCtlDelay)
                  000013de    00000006     rtsv7M4_T_le_v4SPD16_eabi.lib : copy_decompress_rle.obj (.text:decompress:rle24)
                  000013e4    00000004     driverlib.lib : timer.obj (.text:TimerIntClear)
                  000013e8    00000004     rtsv7M4_T_le_v4SPD16_eabi.lib : pre_init.obj (.text)

.const     0    000013ec    0000020c     
                  000013ec    00000090     driverlib.lib : gpio.obj (.const:g_pui32GPIOBaseAddrs)
                  0000147c    00000070                   : interrupt.obj (.const)
                  000014ec    0000006c                   : sysctl.obj (.const:g_pui32Xtals)
                  00001558    00000060                   : timer.obj (.const:g_ppui32TimerIntMap)
                  000015b8    00000040                   : timer.obj (.const:g_ppui32TimerIntMapSnowflake)

.cinit     0    000015f8    000004ec     
                  000015f8    000004b0     (.cinit..data.load) [load image, compression = rle]
                  00001aa8    0000000b     (.cinit..vtable.load) [load image, compression = rle]
                  00001ab3    00000005     --HOLE-- [fill = 0]
                  00001ab8    00000009     (.cinit..bss.load) [load image, compression = rle]
                  00001ac1    00000003     --HOLE-- [fill = 0]
                  00001ac4    00000008     (__TI_handler_table)
                  00001acc    00000018     (__TI_cinit_table)

.init_array 
*          0    00000000    00000000     UNINITIALIZED

.vtable    0    20000000    0000026c     UNINITIALIZED
                  20000000    0000026c     driverlib.lib : interrupt.obj (.vtable)

.data      0    2000026c    00000609     UNINITIALIZED
                  2000026c    000005f0     uc1701.obj (.data:Ascii)
                  2000085c    0000000c     rtsv7M4_T_le_v4SPD16_eabi.lib : exit.obj (.data:$O1$$)
                  20000868    00000008                                   : _lock.obj (.data:$O1$$)
                  20000870    00000004                                   : stkdepth_vars.obj (.data)
                  20000874    00000001     uc1701.obj (.data)

.stack     0    20000878    00000200     UNINITIALIZED
                  20000878    00000200     --HOLE--

.bss       0    20000a78    00000015     UNINITIALIZED
                  20000a78    00000004     (.common:Temp1)
                  20000a7c    00000004     (.common:Temp2)
                  20000a80    00000004     (.common:t)
                  20000a84    00000004     (.common:temp1)
                  20000a88    00000004     (.common:tt)
                  20000a8c    00000001     tm4c123gh6pm_startup_ccs.obj (.bss)

MODULE SUMMARY

       Module                         code   ro data   rw data
       ------                         ----   -------   -------
    .\
       uc1701.obj                     1640   0         1521   
       tm4c123gh6pm_startup_ccs.obj   64     620       1      
       main.obj                       424    0         20     
    +--+------------------------------+------+---------+---------+
       Total:                         2128   620       1542   
                                                              
    C:\ti\ccsv6\tools\compiler\arm_15.12.3.LTS\lib\rtsv7M4_T_le_v4SPD16_eabi.lib
       memcpy_t2.obj                  156    0         0      
       memset_t2.obj                  122    0         0      
       autoinit.obj                   112    0         0      
       copy_decompress_rle.obj        112    0         0      
       exit.obj                       84     0         12     
       boot.obj                       84     0         0      
       cpy_tbl.obj                    76     0         0      
       _lock.obj                      20     0         8      
       args_main.obj                  24     0         0      
       copy_decompress_none.obj       14     0         0      
       pre_init.obj                   4      0         0      
       stkdepth_vars.obj              0      0         4      
       mpu_init.obj                   2      0         0      
       startup.obj                    2      0         0      
    +--+------------------------------+------+---------+---------+
       Total:                         812    0         24     
                                                              
    E:/ti/TivaWare_C_Series-2.1.4.00178/driverlib/ccs/Debug/driverlib.lib
       interrupt.obj                  156    112       620    
       sysctl.obj                     574    108       0      
       gpio.obj                       486    144       0      
       timer.obj                      232    160       0      
       ssi.obj                        88     0         0      
    +--+------------------------------+------+---------+---------+
       Total:                         1536   524       620    
                                                              
       Stack:                         0      0         512    
       Linker Generated:              0      1252      0      
    +--+------------------------------+------+---------+---------+
       Grand Total:                   4476   2396      2698   


LINKER GENERATED COPY TABLES

__TI_cinit_table @ 00001acc records: 3, size/record: 8, table size: 24
	.data: load addr=000015f8, load size=000004b0 bytes, run addr=2000026c, run size=00000609 bytes, compression=rle
	.vtable: load addr=00001aa8, load size=0000000b bytes, run addr=20000000, run size=0000026c bytes, compression=rle
	.bss: load addr=00001ab8, load size=00000009 bytes, run addr=20000a78, run size=00000015 bytes, compression=rle


LINKER GENERATED HANDLER TABLE

__TI_handler_table @ 00001ac4 records: 2, size/record: 4, table size: 8
	index: 0, handler: __TI_decompress_rle24
	index: 1, handler: __TI_decompress_none


GLOBAL SYMBOLS: SORTED ALPHABETICALLY BY Name 

address   name                           
-------   ----                           
2000026c  Ascii                          
000010c5  C$$EXIT                        
000012dd  GPIODirModeSet                 
00000a7d  GPIOPadConfigSet               
000011b1  GPIOPinConfigure               
00001307  GPIOPinTypeGPIOOutput          
00001365  GPIOPinTypeSSI                 
00001377  GPIOPinTypeTimer               
000013d3  GPIOPinWrite                   
00000fa9  IntEnable                      
00001275  IntRegister                    
000011f9  ResetISR                       
UNDEFED   SHT$$INIT_ARRAY$$Base          
UNDEFED   SHT$$INIT_ARRAY$$Limit         
000013c3  SSIBusy                        
00001239  SSIConfigSetExpClk             
000013a5  SSIDataPut                     
000013af  SSIEnable                      
00000bb1  SysCtlClockGet                 
00000cc1  SysCtlClockSet                 
000013d9  SysCtlDelay                    
000012a9  SysCtlPeripheralEnable         
20000a78  Temp1                          
20000a7c  Temp2                          
000008d5  Timer2IntHandler               
00001011  TimerConfigure                 
00001389  TimerEnable                    
000013e5  TimerIntClear                  
000013cb  TimerIntEnable                 
0000131f  TimerIntRegister               
000013b9  TimerValueGet                  
00000419  UC1701AddressSet               
0000084b  UC1701AllPixelOnDisable        
00000841  UC1701AllPixelOnEnable         
00000893  UC1701BRSet                    
000005f5  UC1701CharDispaly              
00000649  UC1701ChineseDispaly           
000007cf  UC1701Clear                    
00000379  UC1701CmdWrite                 
000008bb  UC1701ComDirSet                
00000337  UC1701DataWrite                
0000045d  UC1701Dispaly                  
00000731  UC1701DisplayN                 
0000085f  UC1701DisplayOff               
00000855  UC1701DisplayOn                
000003bb  UC1701DoubleCmdWrite           
00000287  UC1701Init                     
00000839  UC1701InverseDisable           
00000525  UC1701InverseDispaly           
00000831  UC1701InverseEnable            
00000881  UC1701PMSet                    
00000869  UC1701ScrollLineSet            
000008a7  UC1701SegDirSet                
20000a78  __STACK_END                    
00000200  __STACK_SIZE                   
20000a78  __STACK_TOP                    
00001acc  __TI_CINIT_Base                
00001ae4  __TI_CINIT_Limit               
00001ac4  __TI_Handler_Table_Base        
00001acc  __TI_Handler_Table_Limit       
00000ecd  __TI_auto_init                 
2000085c  __TI_cleanup_ptr               
00001397  __TI_decompress_none           
000013df  __TI_decompress_rle24          
20000860  __TI_dtors_ptr                 
20000864  __TI_enable_exit_profile_output
ffffffff  __TI_pprof_out_hndl            
ffffffff  __TI_prof_data_size            
ffffffff  __TI_prof_data_start           
00000000  __TI_static_base__             
00000e51  __aeabi_memclr                 
00000e51  __aeabi_memclr4                
00000e51  __aeabi_memclr8                
00000db5  __aeabi_memcpy                 
00000db5  __aeabi_memcpy4                
00000db5  __aeabi_memcpy8                
00000e53  __aeabi_memset                 
00000e53  __aeabi_memset4                
00000e53  __aeabi_memset8                
ffffffff  __binit__                      
ffffffff  __c_args__                     
00000baf  __mpu_init                     
20000878  __stack                        
00001339  _args_main                     
00001071  _c_int00                       
20000868  _lock                          
0000135f  _nop                           
00001357  _register_lock                 
00001351  _register_unlock               
00000ecb  _system_post_cinit             
000013e9  _system_pre_init               
2000086c  _unlock                        
000010c9  abort                          
ffffffff  binit                          
00001165  copy_in                        
000010d1  exit                           
20000000  g_pfnRAMVectors                
00000000  g_pfnVectors                   
20000874  inverse_factor                 
00000909  main                           
20000870  main_func_sp                   
00000db5  memcpy                         
00000e59  memset                         
20000a80  t                              
20000a84  temp1                          
20000a88  tt                             


GLOBAL SYMBOLS: SORTED BY Symbol Address 

address   name                           
-------   ----                           
00000000  __TI_static_base__             
00000000  g_pfnVectors                   
00000200  __STACK_SIZE                   
00000287  UC1701Init                     
00000337  UC1701DataWrite                
00000379  UC1701CmdWrite                 
000003bb  UC1701DoubleCmdWrite           
00000419  UC1701AddressSet               
0000045d  UC1701Dispaly                  
00000525  UC1701InverseDispaly           
000005f5  UC1701CharDispaly              
00000649  UC1701ChineseDispaly           
00000731  UC1701DisplayN                 
000007cf  UC1701Clear                    
00000831  UC1701InverseEnable            
00000839  UC1701InverseDisable           
00000841  UC1701AllPixelOnEnable         
0000084b  UC1701AllPixelOnDisable        
00000855  UC1701DisplayOn                
0000085f  UC1701DisplayOff               
00000869  UC1701ScrollLineSet            
00000881  UC1701PMSet                    
00000893  UC1701BRSet                    
000008a7  UC1701SegDirSet                
000008bb  UC1701ComDirSet                
000008d5  Timer2IntHandler               
00000909  main                           
00000a7d  GPIOPadConfigSet               
00000baf  __mpu_init                     
00000bb1  SysCtlClockGet                 
00000cc1  SysCtlClockSet                 
00000db5  __aeabi_memcpy                 
00000db5  __aeabi_memcpy4                
00000db5  __aeabi_memcpy8                
00000db5  memcpy                         
00000e51  __aeabi_memclr                 
00000e51  __aeabi_memclr4                
00000e51  __aeabi_memclr8                
00000e53  __aeabi_memset                 
00000e53  __aeabi_memset4                
00000e53  __aeabi_memset8                
00000e59  memset                         
00000ecb  _system_post_cinit             
00000ecd  __TI_auto_init                 
00000fa9  IntEnable                      
00001011  TimerConfigure                 
00001071  _c_int00                       
000010c5  C$$EXIT                        
000010c9  abort                          
000010d1  exit                           
00001165  copy_in                        
000011b1  GPIOPinConfigure               
000011f9  ResetISR                       
00001239  SSIConfigSetExpClk             
00001275  IntRegister                    
000012a9  SysCtlPeripheralEnable         
000012dd  GPIODirModeSet                 
00001307  GPIOPinTypeGPIOOutput          
0000131f  TimerIntRegister               
00001339  _args_main                     
00001351  _register_unlock               
00001357  _register_lock                 
0000135f  _nop                           
00001365  GPIOPinTypeSSI                 
00001377  GPIOPinTypeTimer               
00001389  TimerEnable                    
00001397  __TI_decompress_none           
000013a5  SSIDataPut                     
000013af  SSIEnable                      
000013b9  TimerValueGet                  
000013c3  SSIBusy                        
000013cb  TimerIntEnable                 
000013d3  GPIOPinWrite                   
000013d9  SysCtlDelay                    
000013df  __TI_decompress_rle24          
000013e5  TimerIntClear                  
000013e9  _system_pre_init               
00001ac4  __TI_Handler_Table_Base        
00001acc  __TI_CINIT_Base                
00001acc  __TI_Handler_Table_Limit       
00001ae4  __TI_CINIT_Limit               
20000000  g_pfnRAMVectors                
2000026c  Ascii                          
2000085c  __TI_cleanup_ptr               
20000860  __TI_dtors_ptr                 
20000864  __TI_enable_exit_profile_output
20000868  _lock                          
2000086c  _unlock                        
20000870  main_func_sp                   
20000874  inverse_factor                 
20000878  __stack                        
20000a78  Temp1                          
20000a78  __STACK_END                    
20000a78  __STACK_TOP                    
20000a7c  Temp2                          
20000a80  t                              
20000a84  temp1                          
20000a88  tt                             
ffffffff  __TI_pprof_out_hndl            
ffffffff  __TI_prof_data_size            
ffffffff  __TI_prof_data_start           
ffffffff  __binit__                      
ffffffff  __c_args__                     
ffffffff  binit                          
UNDEFED   SHT$$INIT_ARRAY$$Base          
UNDEFED   SHT$$INIT_ARRAY$$Limit         

[106 symbols]
